E:\strata-setup\upstream-01403-integrated\residual_probe.cu(380): warning #177-D: variable "strata::kernels::<unnamed>::TQ3" was declared but never referenced
  constexpr int TQ3 = N / 8 / 32;                    
                ^

Remark: The warnings can be suppressed with "-diag-suppress <warning-number>"

E:\strata-setup\upstream-01403-integrated\residual_probe.cu(642): warning #177-D: function "strata::kernels::<unnamed>::dot8v" was declared but never referenced
  __declspec(__device__) __forceinline float dot8v(const uint4 w, const float4 x0, const float4 x1) {
                                             ^

residual_probe.cu
tmpxft_00002c18_00000000-10_residual_probe.cudafe1.cpp
strata_kernels.lib
BENCH T=1 apply=0 variant=0 round=0 us=52.313759
BENCH T=1 apply=0 variant=0 round=1 us=52.330498
BENCH T=1 apply=0 variant=0 round=2 us=48.159904
BENCH T=1 apply=0 variant=0 round=3 us=39.653378
BENCH T=1 apply=0 variant=0 round=4 us=40.265282
BENCH T=1 apply=0 variant=1 round=0 us=37.007839
BENCH T=1 apply=0 variant=1 round=1 us=36.853664
BENCH T=1 apply=0 variant=1 round=2 us=36.630943
BENCH T=1 apply=0 variant=1 round=3 us=36.638721
BENCH T=1 apply=0 variant=1 round=4 us=36.834946
BENCH T=1 apply=0 variant=2 round=0 us=33.271488
BENCH T=1 apply=0 variant=2 round=1 us=34.243679
BENCH T=1 apply=0 variant=2 round=2 us=33.169407
BENCH T=1 apply=0 variant=2 round=3 us=33.183426
BENCH T=1 apply=0 variant=2 round=4 us=33.183361
BENCH T=1 apply=0 variant=3 round=0 us=36.033855
BENCH T=1 apply=0 variant=3 round=1 us=35.485825
BENCH T=1 apply=0 variant=3 round=2 us=35.475742
BENCH T=1 apply=0 variant=3 round=3 us=35.752289
BENCH T=1 apply=0 variant=3 round=4 us=35.805248
BENCH T=1 apply=0 variant=4 round=0 us=36.678337
BENCH T=1 apply=0 variant=4 round=1 us=36.671070
BENCH T=1 apply=0 variant=4 round=2 us=36.651264
BENCH T=1 apply=0 variant=4 round=3 us=36.640961
BENCH T=1 apply=0 variant=4 round=4 us=36.655937
BENCH T=2 apply=0 variant=0 round=0 us=46.003265
BENCH T=2 apply=0 variant=0 round=1 us=46.004223
BENCH T=2 apply=0 variant=0 round=2 us=46.366497
BENCH T=2 apply=0 variant=0 round=3 us=46.639584
BENCH T=2 apply=0 variant=0 round=4 us=46.269314
BENCH T=2 apply=0 variant=1 round=0 us=43.378689
BENCH T=2 apply=0 variant=1 round=1 us=43.338207
BENCH T=2 apply=0 variant=1 round=2 us=43.350464
BENCH T=2 apply=0 variant=1 round=3 us=43.358208
BENCH T=2 apply=0 variant=1 round=4 us=44.227039
BENCH T=2 apply=0 variant=2 round=0 us=36.665440
BENCH T=2 apply=0 variant=2 round=1 us=36.672066
BENCH T=2 apply=0 variant=2 round=2 us=37.017601
BENCH T=2 apply=0 variant=2 round=3 us=36.689472
BENCH T=2 apply=0 variant=2 round=4 us=36.679455
BENCH T=2 apply=0 variant=4 round=0 us=43.962017
BENCH T=2 apply=0 variant=4 round=1 us=43.995136
BENCH T=2 apply=0 variant=4 round=2 us=43.665054
BENCH T=2 apply=0 variant=4 round=3 us=43.663521
BENCH T=2 apply=0 variant=4 round=4 us=43.661312
BENCH T=3 apply=0 variant=0 round=0 us=55.586494
BENCH T=3 apply=0 variant=0 round=1 us=55.570080
BENCH T=3 apply=0 variant=0 round=2 us=55.852638
BENCH T=3 apply=0 variant=0 round=3 us=55.804703
BENCH T=3 apply=0 variant=0 round=4 us=55.756832
BENCH T=3 apply=0 variant=1 round=0 us=52.883583
BENCH T=3 apply=0 variant=1 round=1 us=52.628960
BENCH T=3 apply=0 variant=1 round=2 us=52.634464
BENCH T=3 apply=0 variant=1 round=3 us=53.469631
BENCH T=3 apply=0 variant=1 round=4 us=52.622017
BENCH T=3 apply=0 variant=2 round=0 us=43.267200
BENCH T=3 apply=0 variant=2 round=1 us=43.548992
BENCH T=3 apply=0 variant=2 round=2 us=43.297119
BENCH T=3 apply=0 variant=2 round=3 us=43.285599
BENCH T=3 apply=0 variant=2 round=4 us=43.836098
BENCH T=3 apply=0 variant=4 round=0 us=52.146175
BENCH T=3 apply=0 variant=4 round=1 us=52.140320
BENCH T=3 apply=0 variant=4 round=2 us=52.103168
BENCH T=3 apply=0 variant=4 round=3 us=52.130817
BENCH T=3 apply=0 variant=4 round=4 us=52.112064
BENCH T=4 apply=0 variant=0 round=0 us=65.912804
BENCH T=4 apply=0 variant=0 round=1 us=66.518814
BENCH T=4 apply=0 variant=0 round=2 us=66.551933
BENCH T=4 apply=0 variant=0 round=3 us=65.904419
BENCH T=4 apply=0 variant=0 round=4 us=65.929504
BENCH T=4 apply=0 variant=1 round=0 us=64.357216
BENCH T=4 apply=0 variant=1 round=1 us=63.449089
BENCH T=4 apply=0 variant=1 round=2 us=63.711391
BENCH T=4 apply=0 variant=1 round=3 us=63.444962
BENCH T=4 apply=0 variant=1 round=4 us=63.714272
BENCH T=4 apply=0 variant=2 round=0 us=52.194881
BENCH T=4 apply=0 variant=2 round=1 us=52.197311
BENCH T=4 apply=0 variant=2 round=2 us=52.218849
BENCH T=4 apply=0 variant=2 round=3 us=52.217857
BENCH T=4 apply=0 variant=2 round=4 us=52.209663
BENCH T=4 apply=0 variant=4 round=0 us=62.242657
BENCH T=4 apply=0 variant=4 round=1 us=62.528191
BENCH T=4 apply=0 variant=4 round=2 us=62.857952
BENCH T=4 apply=0 variant=4 round=3 us=62.273632
BENCH T=4 apply=0 variant=4 round=4 us=62.281727
BENCH T=5 apply=0 variant=0 round=0 us=77.256607
BENCH T=5 apply=0 variant=0 round=1 us=76.388641
BENCH T=5 apply=0 variant=0 round=2 us=76.689407
BENCH T=5 apply=0 variant=0 round=3 us=76.648834
BENCH T=5 apply=0 variant=0 round=4 us=76.601021
BENCH T=5 apply=0 variant=1 round=0 us=73.828323
BENCH T=5 apply=0 variant=1 round=1 us=73.790237
BENCH T=5 apply=0 variant=1 round=2 us=73.786049
BENCH T=5 apply=0 variant=1 round=3 us=74.131844
BENCH T=5 apply=0 variant=1 round=4 us=73.875107
BENCH T=5 apply=0 variant=2 round=0 us=60.517887
BENCH T=5 apply=0 variant=2 round=1 us=60.524158
BENCH T=5 apply=0 variant=2 round=2 us=60.524097
BENCH T=5 apply=0 variant=2 round=3 us=61.510719
BENCH T=5 apply=0 variant=2 round=4 us=60.615105
BENCH T=5 apply=0 variant=4 round=0 us=72.981155
BENCH T=5 apply=0 variant=4 round=1 us=72.543388
BENCH T=5 apply=0 variant=4 round=2 us=72.321022
BENCH T=5 apply=0 variant=4 round=3 us=72.042595
BENCH T=5 apply=0 variant=4 round=4 us=72.049538
BENCH T=6 apply=0 variant=0 round=0 us=87.588577
BENCH T=6 apply=0 variant=0 round=1 us=87.869598
BENCH T=6 apply=0 variant=0 round=2 us=88.111519
BENCH T=6 apply=0 variant=0 round=3 us=88.056030
BENCH T=6 apply=0 variant=0 round=4 us=87.932510
BENCH T=6 apply=0 variant=1 round=0 us=84.889603
BENCH T=6 apply=0 variant=1 round=1 us=84.862366
BENCH T=6 apply=0 variant=1 round=2 us=85.232513
BENCH T=6 apply=0 variant=1 round=3 us=85.127357
BENCH T=6 apply=0 variant=1 round=4 us=84.545921
BENCH T=6 apply=0 variant=2 round=0 us=68.580864
BENCH T=6 apply=0 variant=2 round=1 us=68.606018
BENCH T=6 apply=0 variant=2 round=2 us=68.849472
BENCH T=6 apply=0 variant=2 round=3 us=68.587517
BENCH T=6 apply=0 variant=2 round=4 us=68.851715
BENCH T=6 apply=0 variant=4 round=0 us=81.822495
BENCH T=6 apply=0 variant=4 round=1 us=82.730721
BENCH T=6 apply=0 variant=4 round=2 us=81.822273
BENCH T=6 apply=0 variant=4 round=3 us=82.097603
BENCH T=6 apply=0 variant=4 round=4 us=82.304771
BENCH T=7 apply=0 variant=0 round=0 us=99.000221
BENCH T=7 apply=0 variant=0 round=1 us=98.962433
BENCH T=7 apply=0 variant=0 round=2 us=98.957085
BENCH T=7 apply=0 variant=0 round=3 us=99.500610
BENCH T=7 apply=0 variant=0 round=4 us=99.449440
BENCH T=7 apply=0 variant=1 round=0 us=96.006371
BENCH T=7 apply=0 variant=1 round=1 us=96.984612
BENCH T=7 apply=0 variant=1 round=2 us=96.636604
BENCH T=7 apply=0 variant=1 round=3 us=95.994530
BENCH T=7 apply=0 variant=1 round=4 us=96.517151
BENCH T=7 apply=0 variant=2 round=0 us=94.028030
BENCH T=7 apply=0 variant=2 round=1 us=93.990913
BENCH T=7 apply=0 variant=2 round=2 us=94.287651
BENCH T=7 apply=0 variant=2 round=3 us=94.575043
BENCH T=7 apply=0 variant=2 round=4 us=94.004707
BENCH T=7 apply=0 variant=4 round=0 us=117.340286
BENCH T=7 apply=0 variant=4 round=1 us=116.876610
BENCH T=7 apply=0 variant=4 round=2 us=117.165154
BENCH T=7 apply=0 variant=4 round=3 us=116.529152
BENCH T=7 apply=0 variant=4 round=4 us=116.514816
BENCH T=8 apply=0 variant=0 round=0 us=110.951485
BENCH T=8 apply=0 variant=0 round=1 us=111.781471
BENCH T=8 apply=0 variant=0 round=2 us=110.670494
BENCH T=8 apply=0 variant=0 round=3 us=111.505409
BENCH T=8 apply=0 variant=0 round=4 us=110.979584
BENCH T=8 apply=0 variant=1 round=0 us=107.882179
BENCH T=8 apply=0 variant=1 round=1 us=107.620193
BENCH T=8 apply=0 variant=1 round=2 us=107.614815
BENCH T=8 apply=0 variant=1 round=3 us=107.958717
BENCH T=8 apply=0 variant=1 round=4 us=107.927040
BENCH T=8 apply=0 variant=2 round=0 us=102.380829
BENCH T=8 apply=0 variant=2 round=1 us=102.228607
BENCH T=8 apply=0 variant=2 round=2 us=103.147873
BENCH T=8 apply=0 variant=2 round=3 us=102.746559
BENCH T=8 apply=0 variant=2 round=4 us=102.431618
BENCH T=8 apply=0 variant=4 round=0 us=130.198914
BENCH T=8 apply=0 variant=4 round=1 us=130.174973
BENCH T=8 apply=0 variant=4 round=2 us=130.523972
BENCH T=8 apply=0 variant=4 round=3 us=130.781113
BENCH T=8 apply=0 variant=4 round=4 us=131.175812
BENCH T=1 apply=1 variant=0 round=0 us=40.999039
BENCH T=1 apply=1 variant=0 round=1 us=41.287682
BENCH T=1 apply=1 variant=0 round=2 us=40.988640
BENCH T=1 apply=1 variant=0 round=3 us=40.996864
BENCH T=1 apply=1 variant=0 round=4 us=40.996479
BENCH T=1 apply=1 variant=1 round=0 us=38.272991
BENCH T=1 apply=1 variant=1 round=1 us=37.738174
BENCH T=1 apply=1 variant=1 round=2 us=37.706879
BENCH T=1 apply=1 variant=1 round=3 us=37.703362
BENCH T=1 apply=1 variant=1 round=4 us=37.712128
BENCH T=1 apply=1 variant=2 round=0 us=34.357281
BENCH T=1 apply=1 variant=2 round=1 us=34.349026
BENCH T=1 apply=1 variant=2 round=2 us=34.343361
BENCH T=1 apply=1 variant=2 round=3 us=34.344257
BENCH T=1 apply=1 variant=2 round=4 us=34.355263
BENCH T=1 apply=1 variant=3 round=0 us=40.974049
BENCH T=1 apply=1 variant=3 round=1 us=40.382626
BENCH T=1 apply=1 variant=3 round=2 us=40.948734
BENCH T=1 apply=1 variant=3 round=3 us=40.408993
BENCH T=1 apply=1 variant=3 round=4 us=40.403198
BENCH T=1 apply=1 variant=4 round=0 us=37.547199
BENCH T=1 apply=1 variant=4 round=1 us=37.562271
BENCH T=1 apply=1 variant=4 round=2 us=38.494209
BENCH T=1 apply=1 variant=4 round=3 us=37.526913
BENCH T=1 apply=1 variant=4 round=4 us=37.521473
BENCH T=2 apply=1 variant=0 round=0 us=48.124065
BENCH T=2 apply=1 variant=0 round=1 us=47.859550
BENCH T=2 apply=1 variant=0 round=2 us=47.859936
BENCH T=2 apply=1 variant=0 round=3 us=48.445438
BENCH T=2 apply=1 variant=0 round=4 us=47.892288
BENCH T=2 apply=1 variant=1 round=0 us=44.803551
BENCH T=2 apply=1 variant=1 round=1 us=44.782303
BENCH T=2 apply=1 variant=1 round=2 us=44.787777
BENCH T=2 apply=1 variant=1 round=3 us=44.799744
BENCH T=2 apply=1 variant=1 round=4 us=44.781216
BENCH T=2 apply=1 variant=2 round=0 us=38.501312
BENCH T=2 apply=1 variant=2 round=1 us=38.240639
BENCH T=2 apply=1 variant=2 round=2 us=38.239872
BENCH T=2 apply=1 variant=2 round=3 us=38.871681
BENCH T=2 apply=1 variant=2 round=4 us=38.224194
BENCH T=2 apply=1 variant=4 round=0 us=45.223743
BENCH T=2 apply=1 variant=4 round=1 us=45.234402
BENCH T=2 apply=1 variant=4 round=2 us=45.223743
BENCH T=2 apply=1 variant=4 round=3 us=46.083744
BENCH T=2 apply=1 variant=4 round=4 us=45.206402
BENCH T=3 apply=1 variant=0 round=0 us=58.130241
BENCH T=3 apply=1 variant=0 round=1 us=57.839870
BENCH T=3 apply=1 variant=0 round=2 us=57.857311
BENCH T=3 apply=1 variant=0 round=3 us=58.114910
BENCH T=3 apply=1 variant=0 round=4 us=57.864193
BENCH T=3 apply=1 variant=1 round=0 us=54.455231
BENCH T=3 apply=1 variant=1 round=1 us=54.447842
BENCH T=3 apply=1 variant=1 round=2 us=54.445759
BENCH T=3 apply=1 variant=1 round=3 us=54.755199
BENCH T=3 apply=1 variant=1 round=4 us=54.451073
BENCH T=3 apply=1 variant=2 round=0 us=45.233826
BENCH T=3 apply=1 variant=2 round=1 us=45.525791
BENCH T=3 apply=1 variant=2 round=2 us=44.978176
BENCH T=3 apply=1 variant=2 round=3 us=44.968193
BENCH T=3 apply=1 variant=2 round=4 us=44.961601
BENCH T=3 apply=1 variant=4 round=0 us=54.886753
BENCH T=3 apply=1 variant=4 round=1 us=53.977024
BENCH T=3 apply=1 variant=4 round=2 us=53.998913
BENCH T=3 apply=1 variant=4 round=3 us=53.993824
BENCH T=3 apply=1 variant=4 round=4 us=54.002048
BENCH T=4 apply=1 variant=0 round=0 us=68.984482
BENCH T=4 apply=1 variant=0 round=1 us=68.507202
BENCH T=4 apply=1 variant=0 round=2 us=68.481087
BENCH T=4 apply=1 variant=0 round=3 us=68.480896
BENCH T=4 apply=1 variant=0 round=4 us=68.464638
BENCH T=4 apply=1 variant=1 round=0 us=66.258621
BENCH T=4 apply=1 variant=1 round=1 us=65.934212
BENCH T=4 apply=1 variant=1 round=2 us=66.026047
BENCH T=4 apply=1 variant=1 round=3 us=65.720413
BENCH T=4 apply=1 variant=1 round=4 us=65.683937
BENCH T=4 apply=1 variant=2 round=0 us=55.070210
BENCH T=4 apply=1 variant=2 round=1 us=54.163456
BENCH T=4 apply=1 variant=2 round=2 us=54.499039
BENCH T=4 apply=1 variant=2 round=3 us=54.169472
BENCH T=4 apply=1 variant=2 round=4 us=54.392639
BENCH T=4 apply=1 variant=4 round=0 us=64.514656
BENCH T=4 apply=1 variant=4 round=1 us=64.524284
BENCH T=4 apply=1 variant=4 round=2 us=64.516991
BENCH T=4 apply=1 variant=4 round=3 us=64.520317
BENCH T=4 apply=1 variant=4 round=4 us=64.811005
BENCH T=5 apply=1 variant=0 round=0 us=79.890434
BENCH T=5 apply=1 variant=0 round=1 us=79.996925
BENCH T=5 apply=1 variant=0 round=2 us=79.403267
BENCH T=5 apply=1 variant=0 round=3 us=79.973854
BENCH T=5 apply=1 variant=0 round=4 us=79.401245
BENCH T=5 apply=1 variant=1 round=0 us=76.951164
BENCH T=5 apply=1 variant=1 round=1 us=76.690590
BENCH T=5 apply=1 variant=1 round=2 us=77.281822
BENCH T=5 apply=1 variant=1 round=3 us=76.703583
BENCH T=5 apply=1 variant=1 round=4 us=76.686562
BENCH T=5 apply=1 variant=2 round=0 us=63.038528
BENCH T=5 apply=1 variant=2 round=1 us=63.041058
BENCH T=5 apply=1 variant=2 round=2 us=63.596542
BENCH T=5 apply=1 variant=2 round=3 us=63.614239
BENCH T=5 apply=1 variant=2 round=4 us=63.086369
BENCH T=5 apply=1 variant=4 round=0 us=74.550499
BENCH T=5 apply=1 variant=4 round=1 us=75.415390
BENCH T=5 apply=1 variant=4 round=2 us=74.586815
BENCH T=5 apply=1 variant=4 round=3 us=75.175713
BENCH T=5 apply=1 variant=4 round=4 us=74.877533
BENCH T=6 apply=1 variant=0 round=0 us=90.556450
BENCH T=6 apply=1 variant=0 round=1 us=90.508957
BENCH T=6 apply=1 variant=0 round=2 us=90.529503
BENCH T=6 apply=1 variant=0 round=3 us=90.525726
BENCH T=6 apply=1 variant=0 round=4 us=91.365982
BENCH T=6 apply=1 variant=1 round=0 us=87.292160
BENCH T=6 apply=1 variant=1 round=1 us=87.280510
BENCH T=6 apply=1 variant=1 round=2 us=88.200096
BENCH T=6 apply=1 variant=1 round=3 us=87.578590
BENCH T=6 apply=1 variant=1 round=4 us=87.260765
BENCH T=6 apply=1 variant=2 round=0 us=71.717888
BENCH T=6 apply=1 variant=2 round=1 us=71.407936
BENCH T=6 apply=1 variant=2 round=2 us=71.403267
BENCH T=6 apply=1 variant=2 round=3 us=71.401283
BENCH T=6 apply=1 variant=2 round=4 us=71.410049
BENCH T=6 apply=1 variant=4 round=0 us=85.043198
BENCH T=6 apply=1 variant=4 round=1 us=85.372894
BENCH T=6 apply=1 variant=4 round=2 us=84.780830
BENCH T=6 apply=1 variant=4 round=3 us=85.678589
BENCH T=6 apply=1 variant=4 round=4 us=84.770813
BENCH T=7 apply=1 variant=0 round=0 us=103.710243
BENCH T=7 apply=1 variant=0 round=1 us=104.344704
BENCH T=7 apply=1 variant=0 round=2 us=103.299484
BENCH T=7 apply=1 variant=0 round=3 us=103.273758
BENCH T=7 apply=1 variant=0 round=4 us=103.517982
BENCH T=7 apply=1 variant=1 round=0 us=100.456512
BENCH T=7 apply=1 variant=1 round=1 us=99.695389
BENCH T=7 apply=1 variant=1 round=2 us=100.556061
BENCH T=7 apply=1 variant=1 round=3 us=99.988670
BENCH T=7 apply=1 variant=1 round=4 us=99.728607
BENCH T=7 apply=1 variant=2 round=0 us=98.219521
BENCH T=7 apply=1 variant=2 round=1 us=98.612862
BENCH T=7 apply=1 variant=2 round=2 us=97.615196
BENCH T=7 apply=1 variant=2 round=3 us=97.963264
BENCH T=7 apply=1 variant=2 round=4 us=98.449280
BENCH T=7 apply=1 variant=4 round=0 us=120.371071
BENCH T=7 apply=1 variant=4 round=1 us=121.261566
BENCH T=7 apply=1 variant=4 round=2 us=121.024544
BENCH T=7 apply=1 variant=4 round=3 us=120.686111
BENCH T=7 apply=1 variant=4 round=4 us=120.430595
BENCH T=8 apply=1 variant=0 round=0 us=115.388412
BENCH T=8 apply=1 variant=0 round=1 us=116.282173
BENCH T=8 apply=1 variant=0 round=2 us=115.931999
BENCH T=8 apply=1 variant=0 round=3 us=115.923042
BENCH T=8 apply=1 variant=0 round=4 us=116.338692
BENCH T=8 apply=1 variant=1 round=0 us=112.283806
BENCH T=8 apply=1 variant=1 round=1 us=112.546532
BENCH T=8 apply=1 variant=1 round=2 us=111.996414
BENCH T=8 apply=1 variant=1 round=3 us=112.003998
BENCH T=8 apply=1 variant=1 round=4 us=112.818977
BENCH T=8 apply=1 variant=2 round=0 us=106.395004
BENCH T=8 apply=1 variant=2 round=1 us=105.844734
BENCH T=8 apply=1 variant=2 round=2 us=106.709023
BENCH T=8 apply=1 variant=2 round=3 us=106.190819
BENCH T=8 apply=1 variant=2 round=4 us=106.379295
BENCH T=8 apply=1 variant=4 round=0 us=134.362778
BENCH T=8 apply=1 variant=4 round=1 us=134.413437
BENCH T=8 apply=1 variant=4 round=2 us=135.301605
BENCH T=8 apply=1 variant=4 round=3 us=135.007996
BENCH T=8 apply=1 variant=4 round=4 us=135.176926
PARITY 0 0 
PARITY 1 1 
PARITY 2 1 
PARITY 3 1 
