conversation_cache_test.cpp
conversation_cache_test: 4211 checks passed
[1/4] Building CXX object CMakeFiles\strata.dir\src\program\generate.cpp.obj
注意: 包含文件:  C:\Users\Winge\Documents\Playground\Strata-optimization-pr\include\strata/platform/memory.hpp
注意: 包含文件:   C:\BuildTools\VC\Tools\MSVC\14.44.35207\include\cstdint
注意: 包含文件:    C:\BuildTools\VC\Tools\MSVC\14.44.35207\include\yvals_core.h
注意: 包含文件:     C:\BuildTools\VC\Tools\MSVC\14.44.35207\include\vcruntime.h
注意: 包含文件:      C:\BuildTools\VC\Tools\MSVC\14.44.35207\include\sal.h
注意: 包含文件:       C:\BuildTools\VC\Tools\MSVC\14.44.35207\include\concurrencysal.h
注意: 包含文件:      C:\BuildTools\VC\Tools\MSVC\14.44.35207\include\vadefs.h
注意: 包含文件:     C:\BuildTools\VC\Tools\MSVC\14.44.35207\include\xkeycheck.h
注意: 包含文件:    C:\BuildTools\VC\Tools\MSVC\14.44.35207\include\stdint.h
注意: 包含文件:   C:\BuildTools\VC\Tools\MSVC\14.44.35207\include\string
注意: 包含文件:    C:\BuildTools\VC\Tools\MSVC\14.44.35207\include\xstring
注意: 包含文件:     C:\BuildTools\VC\Tools\MSVC\14.44.35207\include\__msvc_sanitizer_annotate_container.hpp
注意: 包含文件:     C:\BuildTools\VC\Tools\MSVC\14.44.35207\include\__msvc_string_view.hpp
注意: 包含文件:      C:\BuildTools\VC\Tools\MSVC\14.44.35207\include\iosfwd
注意: 包含文件:       C:\BuildTools\VC\Tools\MSVC\14.44.35207\include\yvals.h
注意: 包含文件:        C:\Program Files (x86)\Windows Kits\10\include\10.0.26100.0\ucrt\crtdbg.h
注意: 包含文件:         C:\Program Files (x86)\Windows Kits\10\include\10.0.26100.0\ucrt\corecrt.h
注意: 包含文件:         C:\BuildTools\VC\Tools\MSVC\14.44.35207\include\vcruntime_new_debug.h
注意: 包含文件:          C:\BuildTools\VC\Tools\MSVC\14.44.35207\include\vcruntime_new.h
注意: 包含文件:        C:\BuildTools\VC\Tools\MSVC\14.44.35207\include\crtdefs.h
注意: 包含文件:        C:\BuildTools\VC\Tools\MSVC\14.44.35207\include\use_ansi.h
注意: 包含文件:       C:\BuildTools\VC\Tools\MSVC\14.44.35207\include\cstdio
注意: 包含文件:        C:\Program Files (x86)\Windows Kits\10\include\10.0.26100.0\ucrt\stdio.h
注意: 包含文件:         C:\Program Files (x86)\Windows Kits\10\include\10.0.26100.0\ucrt\corecrt_wstdio.h
注意: 包含文件:          C:\Program Files (x86)\Windows Kits\10\include\10.0.26100.0\ucrt\corecrt_stdio_config.h
注意: 包含文件:       C:\BuildTools\VC\Tools\MSVC\14.44.35207\include\cstring
注意: 包含文件:        C:\Program Files (x86)\Windows Kits\10\include\10.0.26100.0\ucrt\string.h
注意: 包含文件:         C:\Program Files (x86)\Windows Kits\10\include\10.0.26100.0\ucrt\corecrt_memory.h
注意: 包含文件:          C:\Program Files (x86)\Windows Kits\10\include\10.0.26100.0\ucrt\corecrt_memcpy_s.h
注意: 包含文件:           C:\Program Files (x86)\Windows Kits\10\include\10.0.26100.0\ucrt\errno.h
注意: 包含文件:           C:\BuildTools\VC\Tools\MSVC\14.44.35207\include\vcruntime_string.h
注意: 包含文件:         C:\Program Files (x86)\Windows Kits\10\include\10.0.26100.0\ucrt\corecrt_wstring.h
注意: 包含文件:       C:\BuildTools\VC\Tools\MSVC\14.44.35207\include\cwchar
注意: 包含文件:        C:\Program Files (x86)\Windows Kits\10\include\10.0.26100.0\ucrt\wchar.h
注意: 包含文件:         C:\Program Files (x86)\Windows Kits\10\include\10.0.26100.0\ucrt\corecrt_wconio.h
注意: 包含文件:         C:\Program Files (x86)\Windows Kits\10\include\10.0.26100.0\ucrt\corecrt_wctype.h
注意: 包含文件:         C:\Program Files (x86)\Windows Kits\10\include\10.0.26100.0\ucrt\corecrt_wdirect.h
注意: 包含文件:         C:\Program Files (x86)\Windows Kits\10\include\10.0.26100.0\ucrt\corecrt_wio.h
注意: 包含文件:          C:\Program Files (x86)\Windows Kits\10\include\10.0.26100.0\ucrt\corecrt_share.h
注意: 包含文件:         C:\Program Files (x86)\Windows Kits\10\include\10.0.26100.0\ucrt\corecrt_wprocess.h
注意: 包含文件:         C:\Program Files (x86)\Windows Kits\10\include\10.0.26100.0\ucrt\corecrt_wstdlib.h
注意: 包含文件:         C:\Program Files (x86)\Windows Kits\10\include\10.0.26100.0\ucrt\corecrt_wtime.h
注意: 包含文件:         C:\Program Files (x86)\Windows Kits\10\include\10.0.26100.0\ucrt\sys/stat.h
注意: 包含文件:          C:\Program Files (x86)\Windows Kits\10\include\10.0.26100.0\ucrt\sys/types.h
注意: 包含文件:         C:\BuildTools\VC\Tools\MSVC\14.44.35207\include\intrin.h
注意: 包含文件:          C:\BuildTools\VC\Tools\MSVC\14.44.35207\include\intrin0.inl.h
注意: 包含文件:          C:\BuildTools\VC\Tools\MSVC\14.44.35207\include\setjmp.h
注意: 包含文件:          C:\BuildTools\VC\Tools\MSVC\14.44.35207\include\immintrin.h
注意: 包含文件:           C:\BuildTools\VC\Tools\MSVC\14.44.35207\include\wmmintrin.h
注意: 包含文件:            C:\BuildTools\VC\Tools\MSVC\14.44.35207\include\nmmintrin.h
注意: 包含文件:             C:\BuildTools\VC\Tools\MSVC\14.44.35207\include\smmintrin.h
注意: 包含文件:              C:\BuildTools\VC\Tools\MSVC\14.44.35207\include\tmmintrin.h
注意: 包含文件:               C:\BuildTools\VC\Tools\MSVC\14.44.35207\include\pmmintrin.h
注意: 包含文件:                C:\BuildTools\VC\Tools\MSVC\14.44.35207\include\emmintrin.h
注意: 包含文件:                 C:\BuildTools\VC\Tools\MSVC\14.44.35207\include\xmmintrin.h
注意: 包含文件:                  C:\BuildTools\VC\Tools\MSVC\14.44.35207\include\mmintrin.h
注意: 包含文件:                  C:\Program Files (x86)\Windows Kits\10\include\10.0.26100.0\ucrt\malloc.h
注意: 包含文件:                   C:\Program Files (x86)\Windows Kits\10\include\10.0.26100.0\ucrt\corecrt_malloc.h
注意: 包含文件:           C:\BuildTools\VC\Tools\MSVC\14.44.35207\include\zmmintrin.h
注意: 包含文件:          C:\BuildTools\VC\Tools\MSVC\14.44.35207\include\ammintrin.h
注意: 包含文件:       C:\BuildTools\VC\Tools\MSVC\14.44.35207\include\xtr1common
注意: 包含文件:      C:\BuildTools\VC\Tools\MSVC\14.44.35207\include\xutility
注意: 包含文件:       C:\BuildTools\VC\Tools\MSVC\14.44.35207\include\__msvc_iter_core.hpp
注意: 包含文件:        C:\BuildTools\VC\Tools\MSVC\14.44.35207\include\utility
注意: 包含文件:         C:\BuildTools\VC\Tools\MSVC\14.44.35207\include\initializer_list
注意: 包含文件:          C:\BuildTools\VC\Tools\MSVC\14.44.35207\include\cstddef
注意: 包含文件:           C:\Program Files (x86)\Windows Kits\10\include\10.0.26100.0\ucrt\stddef.h
注意: 包含文件:         C:\BuildTools\VC\Tools\MSVC\14.44.35207\include\type_traits
注意: 包含文件:         C:\BuildTools\VC\Tools\MSVC\14.44.35207\include\compare
注意: 包含文件:          C:\BuildTools\VC\Tools\MSVC\14.44.35207\include\concepts
注意: 包含文件:       C:\BuildTools\VC\Tools\MSVC\14.44.35207\include\climits
注意: 包含文件:        C:\BuildTools\VC\Tools\MSVC\14.44.35207\include\limits.h
注意: 包含文件:       C:\BuildTools\VC\Tools\MSVC\14.44.35207\include\cstdlib
注意: 包含文件:        C:\Program Files (x86)\Windows Kits\10\include\10.0.26100.0\ucrt\math.h
注意: 包含文件:         C:\Program Files (x86)\Windows Kits\10\include\10.0.26100.0\ucrt\corecrt_math.h
注意: 包含文件:        C:\Program Files (x86)\Windows Kits\10\include\10.0.26100.0\ucrt\stdlib.h
注意: 包含文件:         C:\Program Files (x86)\Windows Kits\10\include\10.0.26100.0\ucrt\corecrt_search.h
注意: 包含文件:     C:\BuildTools\VC\Tools\MSVC\14.44.35207\include\xmemory
注意: 包含文件:      C:\BuildTools\VC\Tools\MSVC\14.44.35207\include\limits
注意: 包含文件:       C:\BuildTools\VC\Tools\MSVC\14.44.35207\include\cfloat
注意: 包含文件:        C:\Program Files (x86)\Windows Kits\10\include\10.0.26100.0\ucrt\float.h
注意: 包含文件:       C:\BuildTools\VC\Tools\MSVC\14.44.35207\include\intrin0.h
注意: 包含文件:      C:\BuildTools\VC\Tools\MSVC\14.44.35207\include\new
注意: 包含文件:       C:\BuildTools\VC\Tools\MSVC\14.44.35207\include\exception
注意: 包含文件:        C:\BuildTools\VC\Tools\MSVC\14.44.35207\include\vcruntime_exception.h
注意: 包含文件:         C:\BuildTools\VC\Tools\MSVC\14.44.35207\include\eh.h
注意: 包含文件:          C:\Program Files (x86)\Windows Kits\10\include\10.0.26100.0\ucrt\corecrt_terminate.h
注意: 包含文件:      C:\BuildTools\VC\Tools\MSVC\14.44.35207\include\xatomic.h
注意: 包含文件:      C:\BuildTools\VC\Tools\MSVC\14.44.35207\include\tuple
注意: 包含文件:     C:\BuildTools\VC\Tools\MSVC\14.44.35207\include\xpolymorphic_allocator.h
注意: 包含文件:    C:\BuildTools\VC\Tools\MSVC\14.44.35207\include\cctype
注意: 包含文件:     C:\Program Files (x86)\Windows Kits\10\include\10.0.26100.0\ucrt\ctype.h
注意: 包含文件:  C:\Users\Winge\Documents\Playground\Strata-optimization-pr\include\strata/core/arch_defaults.hpp
注意: 包含文件:   C:\BuildTools\VC\Tools\MSVC\14.44.35207\include\vector
注意: 包含文件:    C:\BuildTools\VC\Tools\MSVC\14.44.35207\include\__msvc_bit_utils.hpp
注意: 包含文件:  C:\Users\Winge\Documents\Playground\Strata-optimization-pr\include\strata/core/idle_cache.hpp
注意: 包含文件:   C:\Users\Winge\Documents\Playground\Strata-optimization-pr\include\strata/core/vmm.hpp
注意: 包含文件:   C:\BuildTools\VC\Tools\MSVC\14.44.35207\include\filesystem
注意: 包含文件:    C:\BuildTools\VC\Tools\MSVC\14.44.35207\include\algorithm
注意: 包含文件:     C:\BuildTools\VC\Tools\MSVC\14.44.35207\include\__msvc_heap_algorithms.hpp
注意: 包含文件:     C:\BuildTools\VC\Tools\MSVC\14.44.35207\include\__msvc_minmax.hpp
注意: 包含文件:    C:\BuildTools\VC\Tools\MSVC\14.44.35207\include\chrono
注意: 包含文件:     C:\BuildTools\VC\Tools\MSVC\14.44.35207\include\__msvc_chrono.hpp
注意: 包含文件:      C:\BuildTools\VC\Tools\MSVC\14.44.35207\include\ctime
注意: 包含文件:       C:\Program Files (x86)\Windows Kits\10\include\10.0.26100.0\ucrt\time.h
注意: 包含文件:      C:\BuildTools\VC\Tools\MSVC\14.44.35207\include\ratio
注意: 包含文件:      C:\BuildTools\VC\Tools\MSVC\14.44.35207\include\xtimec.h
注意: 包含文件:     C:\BuildTools\VC\Tools\MSVC\14.44.35207\include\system_error
注意: 包含文件:      C:\BuildTools\VC\Tools\MSVC\14.44.35207\include\__msvc_system_error_abi.hpp
注意: 包含文件:      C:\BuildTools\VC\Tools\MSVC\14.44.35207\include\cerrno
注意: 包含文件:      C:\BuildTools\VC\Tools\MSVC\14.44.35207\include\stdexcept
注意: 包含文件:      C:\BuildTools\VC\Tools\MSVC\14.44.35207\include\xcall_once.h
注意: 包含文件:      C:\BuildTools\VC\Tools\MSVC\14.44.35207\include\xerrc.h
注意: 包含文件:      C:\BuildTools\VC\Tools\MSVC\14.44.35207\include\atomic
注意: 包含文件:       C:\BuildTools\VC\Tools\MSVC\14.44.35207\include\xatomic_wait.h
注意: 包含文件:       C:\BuildTools\VC\Tools\MSVC\14.44.35207\include\xthreads.h
注意: 包含文件:        C:\BuildTools\VC\Tools\MSVC\14.44.35207\include\__msvc_threads_core.hpp
注意: 包含文件:     C:\BuildTools\VC\Tools\MSVC\14.44.35207\include\xfilesystem_abi.h
注意: 包含文件:     C:\BuildTools\VC\Tools\MSVC\14.44.35207\include\__msvc_tzdb.hpp
注意: 包含文件:     C:\BuildTools\VC\Tools\MSVC\14.44.35207\include\cmath
注意: 包含文件:     C:\BuildTools\VC\Tools\MSVC\14.44.35207\include\format
注意: 包含文件:      C:\BuildTools\VC\Tools\MSVC\14.44.35207\include\__msvc_format_ucd_tables.hpp
注意: 包含文件:      C:\BuildTools\VC\Tools\MSVC\14.44.35207\include\__msvc_formatter.hpp
注意: 包含文件:      C:\BuildTools\VC\Tools\MSVC\14.44.35207\include\__msvc_print.hpp
注意: 包含文件:      C:\BuildTools\VC\Tools\MSVC\14.44.35207\include\__msvc_ranges_tuple_formatter.hpp
注意: 包含文件:       C:\BuildTools\VC\Tools\MSVC\14.44.35207\include\bit
注意: 包含文件:       C:\BuildTools\VC\Tools\MSVC\14.44.35207\include\iterator
注意: 包含文件:       C:\BuildTools\VC\Tools\MSVC\14.44.35207\include\xlocale
注意: 包含文件:        C:\BuildTools\VC\Tools\MSVC\14.44.35207\include\memory
注意: 包含文件:         C:\BuildTools\VC\Tools\MSVC\14.44.35207\include\typeinfo
注意: 包含文件:          C:\BuildTools\VC\Tools\MSVC\14.44.35207\include\vcruntime_typeinfo.h
注意: 包含文件:        C:\BuildTools\VC\Tools\MSVC\14.44.35207\include\xfacet
注意: 包含文件:        C:\BuildTools\VC\Tools\MSVC\14.44.35207\include\xlocinfo
注意: 包含文件:         C:\BuildTools\VC\Tools\MSVC\14.44.35207\include\__msvc_xlocinfo_types.hpp
注意: 包含文件:         C:\BuildTools\VC\Tools\MSVC\14.44.35207\include\clocale
注意: 包含文件:          C:\Program Files (x86)\Windows Kits\10\include\10.0.26100.0\ucrt\locale.h
注意: 包含文件:      C:\BuildTools\VC\Tools\MSVC\14.44.35207\include\charconv
注意: 包含文件:       C:\BuildTools\VC\Tools\MSVC\14.44.35207\include\xbit_ops.h
注意: 包含文件:       C:\BuildTools\VC\Tools\MSVC\14.44.35207\include\xcharconv.h
注意: 包含文件:       C:\BuildTools\VC\Tools\MSVC\14.44.35207\include\xcharconv_ryu.h
注意: 包含文件:        C:\BuildTools\VC\Tools\MSVC\14.44.35207\include\xcharconv_ryu_tables.h
注意: 包含文件:       C:\BuildTools\VC\Tools\MSVC\14.44.35207\include\xcharconv_tables.h
注意: 包含文件:      C:\BuildTools\VC\Tools\MSVC\14.44.35207\include\locale
注意: 包含文件:       C:\BuildTools\VC\Tools\MSVC\14.44.35207\include\xlocbuf
注意: 包含文件:        C:\BuildTools\VC\Tools\MSVC\14.44.35207\include\streambuf
注意: 包含文件:         C:\BuildTools\VC\Tools\MSVC\14.44.35207\include\xiosbase
注意: 包含文件:          C:\Program Files (x86)\Windows Kits\10\include\10.0.26100.0\ucrt\share.h
注意: 包含文件:       C:\BuildTools\VC\Tools\MSVC\14.44.35207\include\xlocmes
注意: 包含文件:       C:\BuildTools\VC\Tools\MSVC\14.44.35207\include\xlocmon
注意: 包含文件:        C:\BuildTools\VC\Tools\MSVC\14.44.35207\include\xlocnum
注意: 包含文件:       C:\BuildTools\VC\Tools\MSVC\14.44.35207\include\xloctime
注意: 包含文件:     C:\BuildTools\VC\Tools\MSVC\14.44.35207\include\forward_list
注意: 包含文件:     C:\BuildTools\VC\Tools\MSVC\14.44.35207\include\iomanip
注意: 包含文件:      C:\BuildTools\VC\Tools\MSVC\14.44.35207\include\istream
注意: 包含文件:       C:\BuildTools\VC\Tools\MSVC\14.44.35207\include\__msvc_ostream.hpp
注意: 包含文件:        C:\BuildTools\VC\Tools\MSVC\14.44.35207\include\ios
注意: 包含文件:     C:\BuildTools\VC\Tools\MSVC\14.44.35207\include\optional
注意: 包含文件:      C:\BuildTools\VC\Tools\MSVC\14.44.35207\include\xsmf_control.h
注意: 包含文件:     C:\BuildTools\VC\Tools\MSVC\14.44.35207\include\sstream
注意: 包含文件:  C:\Users\Winge\Documents\Playground\Strata-optimization-pr\include\strata/core/dma_batch.hpp
注意: 包含文件:   E:\strata-setup\cuda-portable\include\cuda_runtime.h
注意: 包含文件:    E:\strata-setup\cuda-portable\include\crt/host_config.h
注意: 包含文件:    E:\strata-setup\cuda-portable\include\builtin_types.h
注意: 包含文件:     E:\strata-setup\cuda-portable\include\device_types.h
注意: 包含文件:      E:\strata-setup\cuda-portable\include\crt/host_defines.h
注意: 包含文件:     E:\strata-setup\cuda-portable\include\driver_types.h
注意: 包含文件:      E:\strata-setup\cuda-portable\include\crt/host_defines.h
注意: 包含文件:      E:\strata-setup\cuda-portable\include\vector_types.h
注意: 包含文件:       E:\strata-setup\cuda-portable\include\crt/host_defines.h
注意: 包含文件:     E:\strata-setup\cuda-portable\include\surface_types.h
注意: 包含文件:      E:\strata-setup\cuda-portable\include\driver_types.h
注意: 包含文件:     E:\strata-setup\cuda-portable\include\texture_types.h
注意: 包含文件:      E:\strata-setup\cuda-portable\include\driver_types.h
注意: 包含文件:     E:\strata-setup\cuda-portable\include\vector_types.h
注意: 包含文件:    E:\strata-setup\cuda-portable\include\library_types.h
注意: 包含文件:    E:\strata-setup\cuda-portable\include\channel_descriptor.h
注意: 包含文件:     E:\strata-setup\cuda-portable\include\cuda_runtime_api.h
注意: 包含文件:      E:\strata-setup\cuda-portable\include\crt/host_defines.h
注意: 包含文件:      E:\strata-setup\cuda-portable\include\builtin_types.h
注意: 包含文件:       E:\strata-setup\cuda-portable\include\device_types.h
注意: 包含文件:       E:\strata-setup\cuda-portable\include\driver_types.h
注意: 包含文件:       E:\strata-setup\cuda-portable\include\surface_types.h
注意: 包含文件:       E:\strata-setup\cuda-portable\include\texture_types.h
注意: 包含文件:       E:\strata-setup\cuda-portable\include\vector_types.h
注意: 包含文件:      E:\strata-setup\cuda-portable\include\cuda_device_runtime_api.h
注意: 包含文件:    E:\strata-setup\cuda-portable\include\cuda_runtime_api.h
注意: 包含文件:    E:\strata-setup\cuda-portable\include\driver_functions.h
注意: 包含文件:     E:\strata-setup\cuda-portable\include\builtin_types.h
注意: 包含文件:      E:\strata-setup\cuda-portable\include\device_types.h
注意: 包含文件:      E:\strata-setup\cuda-portable\include\driver_types.h
注意: 包含文件:      E:\strata-setup\cuda-portable\include\surface_types.h
注意: 包含文件:      E:\strata-setup\cuda-portable\include\texture_types.h
注意: 包含文件:      E:\strata-setup\cuda-portable\include\vector_types.h
注意: 包含文件:     E:\strata-setup\cuda-portable\include\crt/host_defines.h
注意: 包含文件:     E:\strata-setup\cuda-portable\include\driver_types.h
注意: 包含文件:    E:\strata-setup\cuda-portable\include\crt/host_defines.h
注意: 包含文件:    E:\strata-setup\cuda-portable\include\vector_functions.h
注意: 包含文件:     E:\strata-setup\cuda-portable\include\cuda_runtime_api.h
注意: 包含文件:     E:\strata-setup\cuda-portable\include\vector_functions.hpp
注意: 包含文件:      E:\strata-setup\cuda-portable\include\cuda_runtime_api.h
注意: 包含文件:   C:\BuildTools\VC\Tools\MSVC\14.44.35207\include\array
注意: 包含文件:   C:\BuildTools\VC\Tools\MSVC\14.44.35207\include\mutex
注意: 包含文件:    C:\BuildTools\VC\Tools\MSVC\14.44.35207\include\thread
注意: 包含文件:     C:\Program Files (x86)\Windows Kits\10\include\10.0.26100.0\ucrt\process.h
注意: 包含文件:      C:\Program Files (x86)\Windows Kits\10\include\10.0.26100.0\ucrt\corecrt_startup.h
注意: 包含文件:       C:\Program Files (x86)\Windows Kits\10\include\10.0.26100.0\ucrt\math.h
注意: 包含文件:       C:\BuildTools\VC\Tools\MSVC\14.44.35207\include\vcruntime_startup.h
注意: 包含文件:     C:\BuildTools\VC\Tools\MSVC\14.44.35207\include\stop_token
注意: 包含文件:   C:\BuildTools\VC\Tools\MSVC\14.44.35207\include\unordered_map
注意: 包含文件:    C:\BuildTools\VC\Tools\MSVC\14.44.35207\include\xhash
注意: 包含文件:     C:\BuildTools\VC\Tools\MSVC\14.44.35207\include\list
注意: 包含文件:     C:\BuildTools\VC\Tools\MSVC\14.44.35207\include\xnode_handle.h
C:\Users\Winge\Documents\Playground\Strata-optimization-pr\include\strata/core/dma_batch.hpp(32): warning C4996: 'getenv': This function or variable may be unsafe. Consider using _dupenv_s instead. To disable deprecation, use _CRT_SECURE_NO_WARNINGS. See online help for details.
注意: 包含文件:  C:\Users\Winge\Documents\Playground\Strata-optimization-pr\include\strata/core/device.hpp
注意: 包含文件:  C:\Users\Winge\Documents\Playground\Strata-optimization-pr\include\strata/core/remote_expert_opt.hpp
注意: 包含文件:  C:\Users\Winge\Documents\Playground\Strata-optimization-pr\include\strata/core/expert_cache.hpp
注意: 包含文件:  C:\Users\Winge\Documents\Playground\Strata-optimization-pr\include\strata/core/conversation_snapshot.hpp
注意: 包含文件:   C:\Users\Winge\Documents\Playground\Strata-optimization-pr\include\strata/core/conversation_cache.hpp
注意: 包含文件:    C:\Users\Winge\Documents\Playground\Strata-optimization-pr\include\strata/core/conversation_buffer.hpp
注意: 包含文件:    C:\BuildTools\VC\Tools\MSVC\14.44.35207\include\deque
注意: 包含文件:   C:\Users\Winge\Documents\Playground\Strata-optimization-pr\include\strata/core/conversation_file.hpp
注意: 包含文件:    C:\BuildTools\VC\Tools\MSVC\14.44.35207\include\functional
注意: 包含文件:   C:\Users\Winge\Documents\Playground\Strata-optimization-pr\include\strata/core/layer.hpp
注意: 包含文件:    C:\Users\Winge\Documents\Playground\Strata-optimization-pr\include\strata/core/layout.hpp
注意: 包含文件:     C:\Users\Winge\Documents\Playground\Strata-optimization-pr\include\strata/core/weights.hpp
注意: 包含文件:      C:\BuildTools\VC\Tools\MSVC\14.44.35207\include\map
注意: 包含文件:       C:\BuildTools\VC\Tools\MSVC\14.44.35207\include\xtree
注意: 包含文件:      C:\BuildTools\VC\Tools\MSVC\14.44.35207\include\set
注意: 包含文件:    C:\Users\Winge\Documents\Playground\Strata-optimization-pr\include\strata/kernels/gr.hpp
注意: 包含文件:    C:\Users\Winge\Documents\Playground\Strata-optimization-pr\include\strata/kernels/kv_stream.hpp
注意: 包含文件:     C:\Users\Winge\Documents\Playground\Strata-optimization-pr\include\strata/kernels/qsa.hpp
注意: 包含文件:     C:\Users\Winge\Documents\Playground\Strata-optimization-pr\include\strata/kernels/qsa_decode_attn.hpp
注意: 包含文件:    C:\Users\Winge\Documents\Playground\Strata-optimization-pr\include\strata/kernels/ngram.hpp
注意: 包含文件:    C:\Users\Winge\Documents\Playground\Strata-optimization-pr\include\strata/kernels/ple.hpp
注意: 包含文件:   C:\Users\Winge\Documents\Playground\Strata-optimization-pr\include\strata/core/session.hpp
注意: 包含文件:    C:\Users\Winge\Documents\Playground\Strata-optimization-pr\include\strata/core/hit_hook.hpp
注意: 包含文件:    C:\Users\Winge\Documents\Playground\Strata-optimization-pr\include\strata/kernels/cpu/pool.hpp
注意: 包含文件:     C:\Users\Winge\Documents\Playground\Strata-optimization-pr\include\strata/kernels/cpu/expert.hpp
C:\Users\Winge\Documents\Playground\Strata-optimization-pr\include\strata/kernels/cpu/expert.hpp(74): warning C4324: “strata::kernels::cpu::ActQ”: 由于对齐说明符，结构被填充
注意: 包含文件:     C:\Users\Winge\Documents\Playground\Strata-optimization-pr\include\strata/kernels/cpu/native_expert.hpp
注意: 包含文件:     C:\BuildTools\VC\Tools\MSVC\14.44.35207\include\condition_variable
C:\Users\Winge\Documents\Playground\Strata-optimization-pr\include\strata/kernels/cpu/pool.hpp(267): warning C4324: “strata::kernels::cpu::ExpertPool”: 由于对齐说明符，结构被填充
C:\Users\Winge\Documents\Playground\Strata-optimization-pr\include\strata/kernels/cpu/pool.hpp(268): warning C4324: “strata::kernels::cpu::ExpertPool”: 由于对齐说明符，结构被填充
C:\Users\Winge\Documents\Playground\Strata-optimization-pr\include\strata/kernels/cpu/pool.hpp(269): warning C4324: “strata::kernels::cpu::ExpertPool”: 由于对齐说明符，结构被填充
C:\Users\Winge\Documents\Playground\Strata-optimization-pr\include\strata/kernels/cpu/pool.hpp(270): warning C4324: “strata::kernels::cpu::ExpertPool”: 由于对齐说明符，结构被填充
C:\Users\Winge\Documents\Playground\Strata-optimization-pr\include\strata/kernels/cpu/pool.hpp(271): warning C4324: “strata::kernels::cpu::ExpertPool”: 由于对齐说明符，结构被填充
C:\Users\Winge\Documents\Playground\Strata-optimization-pr\include\strata/kernels/cpu/pool.hpp(274): warning C4324: “strata::kernels::cpu::ExpertPool”: 由于对齐说明符，结构被填充
注意: 包含文件:    E:\strata-setup\cuda-portable\include\cuda_runtime.h
注意: 包含文件:  C:\Users\Winge\Documents\Playground\Strata-optimization-pr\include\strata/core/conversation_memory.hpp
注意: 包含文件:  C:\Users\Winge\Documents\Playground\Strata-optimization-pr\include\strata/core/coupled_draft.hpp
注意: 包含文件:   C:\Users\Winge\Documents\Playground\Strata-optimization-pr\include\strata/kernels/sampler.hpp
C:\Users\Winge\Documents\Playground\Strata-optimization-pr\include\strata/core/coupled_draft.hpp(59): warning C4996: 'getenv': This function or variable may be unsafe. Consider using _dupenv_s instead. To disable deprecation, use _CRT_SECURE_NO_WARNINGS. See online help for details.
C:\Users\Winge\Documents\Playground\Strata-optimization-pr\include\strata/core/coupled_draft.hpp(69): warning C4996: 'getenv': This function or variable may be unsafe. Consider using _dupenv_s instead. To disable deprecation, use _CRT_SECURE_NO_WARNINGS. See online help for details.
注意: 包含文件:  C:\Users\Winge\Documents\Playground\Strata-optimization-pr\include\strata/core/expert_source.hpp
注意: 包含文件:   C:\Users\Winge\Documents\Playground\Strata-optimization-pr\include\strata/core/exchange_storage.hpp
注意: 包含文件:  C:\Users\Winge\Documents\Playground\Strata-optimization-pr\include\strata/core/pinned.hpp
注意: 包含文件:  C:\Users\Winge\Documents\Playground\Strata-optimization-pr\include\strata/core/remote_experts.hpp
注意: 包含文件:   E:\strata-setup\cuda-portable\include\cuda_runtime.h
注意: 包含文件:  C:\Users\Winge\Documents\Playground\Strata-optimization-pr\include\strata/core/on_device.hpp
注意: 包含文件:   E:\strata-setup\cuda-portable\include\cuda_runtime.h
注意: 包含文件:  C:\Users\Winge\Documents\Playground\Strata-optimization-pr\include\strata/core/peer_experts.hpp
注意: 包含文件:   E:\strata-setup\cuda-portable\include\cuda_runtime.h
注意: 包含文件:  C:\Users\Winge\Documents\Playground\Strata-optimization-pr\include\strata/kernels/cpu/expert_layout.hpp
注意: 包含文件:  C:\Users\Winge\Documents\Playground\Strata-optimization-pr\include\strata/kernels/iq_kernels.hpp
注意: 包含文件:  C:\Users\Winge\Documents\Playground\Strata-optimization-pr\include\strata/kernels/s2_expert_grouped.hpp
注意: 包含文件:  C:\Users\Winge\Documents\Playground\Strata-optimization-pr\include\strata/kernels/verify_kernels.hpp
注意: 包含文件:  C:\Users\Winge\Documents\Playground\Strata-optimization-pr\include\strata/kernels/elementwise.hpp
注意: 包含文件:  C:\Users\Winge\Documents\Playground\Strata-optimization-pr\include\strata/kernels/shared_expert.hpp
注意: 包含文件:   C:\Users\Winge\Documents\Playground\Strata-optimization-pr\include\strata/kernels/s_gemv.hpp
注意: 包含文件:  C:\Users\Winge\Documents\Playground\Strata-optimization-pr\include\strata/kernels/native_moe.hpp
注意: 包含文件:  C:\Users\Winge\Documents\Playground\Strata-optimization-pr\include\strata/kernels/native_gdn.hpp
注意: 包含文件:   C:\Users\Winge\Documents\Playground\Strata-optimization-pr\include\strata/kernels/gdn.hpp
注意: 包含文件:  C:\Users\Winge\Documents\Playground\Strata-optimization-pr\include\strata/kernels/native_router.hpp
注意: 包含文件:  C:\Users\Winge\Documents\Playground\Strata-optimization-pr\include\strata/kernels/native_qsa.hpp
注意: 包含文件:  C:\Users\Winge\Documents\Playground\Strata-optimization-pr\include\strata/kernels/native_qsa_indexer.hpp
注意: 包含文件:   C:\Users\Winge\Documents\Playground\Strata-optimization-pr\include\strata/kernels/rope_scaling.hpp
注意: 包含文件:  C:\Users\Winge\Documents\Playground\Strata-optimization-pr\include\strata/kernels/native_rope.hpp
注意: 包含文件:  C:\Users\Winge\Documents\Playground\Strata-optimization-pr\include\strata/kernels/mrope.hpp
注意: 包含文件:  C:\Users\Winge\Documents\Playground\Strata-optimization-pr\include\strata/kernels/kv_q4.hpp
注意: 包含文件:  C:\Users\Winge\Documents\Playground\Strata-optimization-pr\include\strata/core/native_head.hpp
注意: 包含文件:  C:\Users\Winge\Documents\Playground\Strata-optimization-pr\include\strata/core/verify.hpp
注意: 包含文件:   E:\strata-setup\cuda-portable\include\cuda_runtime.h
注意: 包含文件:  C:\Users\Winge\Documents\Playground\Strata-optimization-pr\include\strata/core/mtp.hpp
注意: 包含文件:   E:\strata-setup\cuda-portable\include\cuda_runtime.h
注意: 包含文件:  C:\Users\Winge\Documents\Playground\Strata-optimization-pr\include\strata/prefill/prefill.hpp
注意: 包含文件:   C:\BuildTools\VC\Tools\MSVC\14.44.35207\include\future
注意: 包含文件:    C:\BuildTools\VC\Tools\MSVC\14.44.35207\include\ppltasks.h
注意: 包含文件:     C:\BuildTools\VC\Tools\MSVC\14.44.35207\include\pplwin.h
注意: 包含文件:      C:\BuildTools\VC\Tools\MSVC\14.44.35207\include\pplinterface.h
注意: 包含文件:      C:\BuildTools\VC\Tools\MSVC\14.44.35207\include\ppltaskscheduler.h
注意: 包含文件:       C:\BuildTools\VC\Tools\MSVC\14.44.35207\include\crtdefs.h
注意: 包含文件:      C:\BuildTools\VC\Tools\MSVC\14.44.35207\include\pplcancellation_token.h
注意: 包含文件:  C:\Users\Winge\Documents\Playground\Strata-optimization-pr\include\strata/core/native_dense.hpp
注意: 包含文件:  C:\Users\Winge\Documents\Playground\Strata-optimization-pr\include\strata/program/logits_selection.hpp
注意: 包含文件:   C:\BuildTools\VC\Tools\MSVC\14.44.35207\include\string_view
注意: 包含文件:  C:\Users\Winge\Documents\Playground\Strata-optimization-pr\include\strata/program/conv_cache.hpp
注意: 包含文件:  C:\Users\Winge\Documents\Playground\Strata-optimization-pr\include\strata/program/message_boundary.hpp
注意: 包含文件:  C:\Users\Winge\Documents\Playground\Strata-optimization-pr\include\strata/spec/draft_policy.hpp
注意: 包含文件:  C:\Users\Winge\Documents\Playground\Strata-optimization-pr\include\strata/spec/draft_source.hpp
注意: 包含文件:   C:\Users\Winge\Documents\Playground\Strata-optimization-pr\include\strata/spec/suffix_drafter.hpp
注意: 包含文件:  C:\Users\Winge\Documents\Playground\Strata-optimization-pr\include\strata/kernels/cvec.hpp
注意: 包含文件:  C:\Users\Winge\Documents\Playground\Strata-optimization-pr\include\strata/core/progress.hpp
注意: 包含文件:  C:\Users\Winge\Documents\Playground\Strata-optimization-pr\include\strata/core/emulate.hpp
C:\Users\Winge\Documents\Playground\Strata-optimization-pr\include\strata/core/emulate.hpp(17): warning C4996: 'getenv': This function or variable may be unsafe. Consider using _dupenv_s instead. To disable deprecation, use _CRT_SECURE_NO_WARNINGS. See online help for details.
注意: 包含文件:  C:\Users\Winge\Documents\Playground\Strata-optimization-pr\include\strata/artifact/gguf_reader.hpp
注意: 包含文件:   C:\Users\Winge\Documents\Playground\Strata-optimization-pr\include\strata/artifact/gguf_split.hpp
注意: 包含文件:    C:\BuildTools\VC\Tools\MSVC\14.44.35207\include\fstream
注意: 包含文件:     C:\BuildTools\VC\Tools\MSVC\14.44.35207\include\__msvc_filebuf.hpp
注意: 包含文件:   C:\Program Files (x86)\Windows Kits\10\include\10.0.26100.0\um\windows.h
注意: 包含文件:    C:\Program Files (x86)\Windows Kits\10\include\10.0.26100.0\shared\winapifamily.h
注意: 包含文件:     C:\Program Files (x86)\Windows Kits\10\include\10.0.26100.0\shared\winpackagefamily.h
注意: 包含文件:    C:\Program Files (x86)\Windows Kits\10\include\10.0.26100.0\shared\sdkddkver.h
注意: 包含文件:    C:\BuildTools\VC\Tools\MSVC\14.44.35207\include\excpt.h
注意: 包含文件:    C:\BuildTools\VC\Tools\MSVC\14.44.35207\include\stdarg.h
注意: 包含文件:    C:\Program Files (x86)\Windows Kits\10\include\10.0.26100.0\shared\windef.h
注意: 包含文件:     C:\Program Files (x86)\Windows Kits\10\include\10.0.26100.0\shared\minwindef.h
注意: 包含文件:      C:\Program Files (x86)\Windows Kits\10\include\10.0.26100.0\shared\specstrings.h
注意: 包含文件:       C:\Program Files (x86)\Windows Kits\10\include\10.0.26100.0\shared\specstrings_strict.h
注意: 包含文件:        C:\Program Files (x86)\Windows Kits\10\include\10.0.26100.0\shared\specstrings_undef.h
注意: 包含文件:       C:\Program Files (x86)\Windows Kits\10\include\10.0.26100.0\shared\driverspecs.h
注意: 包含文件:        C:\Program Files (x86)\Windows Kits\10\include\10.0.26100.0\shared\sdv_driverspecs.h
注意: 包含文件:      C:\Program Files (x86)\Windows Kits\10\include\10.0.26100.0\um\winnt.h
注意: 包含文件:       C:\Program Files (x86)\Windows Kits\10\include\10.0.26100.0\shared\kernelspecs.h
注意: 包含文件:       C:\Program Files (x86)\Windows Kits\10\include\10.0.26100.0\shared\basetsd.h
注意: 包含文件:       C:\Program Files (x86)\Windows Kits\10\include\10.0.26100.0\shared\guiddef.h
注意: 包含文件:       C:\Program Files (x86)\Windows Kits\10\include\10.0.26100.0\shared\pshpack4.h
注意: 包含文件:       C:\Program Files (x86)\Windows Kits\10\include\10.0.26100.0\shared\poppack.h
注意: 包含文件:       C:\Program Files (x86)\Windows Kits\10\include\10.0.26100.0\shared\pshpack4.h
注意: 包含文件:       C:\Program Files (x86)\Windows Kits\10\include\10.0.26100.0\shared\poppack.h
注意: 包含文件:       C:\Program Files (x86)\Windows Kits\10\include\10.0.26100.0\shared\pshpack4.h
注意: 包含文件:       C:\Program Files (x86)\Windows Kits\10\include\10.0.26100.0\shared\pshpack2.h
注意: 包含文件:       C:\Program Files (x86)\Windows Kits\10\include\10.0.26100.0\shared\poppack.h
注意: 包含文件:       C:\Program Files (x86)\Windows Kits\10\include\10.0.26100.0\shared\pshpack2.h
注意: 包含文件:       C:\Program Files (x86)\Windows Kits\10\include\10.0.26100.0\shared\pshpack2.h
注意: 包含文件:       C:\Program Files (x86)\Windows Kits\10\include\10.0.26100.0\shared\poppack.h
注意: 包含文件:       C:\Program Files (x86)\Windows Kits\10\include\10.0.26100.0\shared\poppack.h
注意: 包含文件:       C:\Program Files (x86)\Windows Kits\10\include\10.0.26100.0\shared\pshpack8.h
注意: 包含文件:       C:\Program Files (x86)\Windows Kits\10\include\10.0.26100.0\shared\poppack.h
注意: 包含文件:       C:\Program Files (x86)\Windows Kits\10\include\10.0.26100.0\shared\pshpack1.h
注意: 包含文件:       C:\Program Files (x86)\Windows Kits\10\include\10.0.26100.0\shared\poppack.h
注意: 包含文件:       C:\Program Files (x86)\Windows Kits\10\include\10.0.26100.0\shared\pshpack1.h
注意: 包含文件:       C:\Program Files (x86)\Windows Kits\10\include\10.0.26100.0\shared\poppack.h
注意: 包含文件:       C:\Program Files (x86)\Windows Kits\10\include\10.0.26100.0\shared\poppack.h
注意: 包含文件:       C:\Program Files (x86)\Windows Kits\10\include\10.0.26100.0\shared\apiset.h
注意: 包含文件:       C:\Program Files (x86)\Windows Kits\10\include\10.0.26100.0\shared\ktmtypes.h
注意: 包含文件:    C:\Program Files (x86)\Windows Kits\10\include\10.0.26100.0\um\winbase.h
注意: 包含文件:     C:\Program Files (x86)\Windows Kits\10\include\10.0.26100.0\shared\apisetcconv.h
注意: 包含文件:     C:\Program Files (x86)\Windows Kits\10\include\10.0.26100.0\um\minwinbase.h
注意: 包含文件:     C:\Program Files (x86)\Windows Kits\10\include\10.0.26100.0\um\apiquery2.h
注意: 包含文件:     C:\Program Files (x86)\Windows Kits\10\include\10.0.26100.0\um\processenv.h
注意: 包含文件:     C:\Program Files (x86)\Windows Kits\10\include\10.0.26100.0\um\fileapifromapp.h
注意: 包含文件:      C:\Program Files (x86)\Windows Kits\10\include\10.0.26100.0\um\fileapi.h
注意: 包含文件:     C:\Program Files (x86)\Windows Kits\10\include\10.0.26100.0\um\debugapi.h
注意: 包含文件:     C:\Program Files (x86)\Windows Kits\10\include\10.0.26100.0\um\utilapiset.h
注意: 包含文件:     C:\Program Files (x86)\Windows Kits\10\include\10.0.26100.0\um\handleapi.h
注意: 包含文件:     C:\Program Files (x86)\Windows Kits\10\include\10.0.26100.0\um\errhandlingapi.h
注意: 包含文件:     C:\Program Files (x86)\Windows Kits\10\include\10.0.26100.0\um\fibersapi.h
注意: 包含文件:     C:\Program Files (x86)\Windows Kits\10\include\10.0.26100.0\um\namedpipeapi.h
注意: 包含文件:     C:\Program Files (x86)\Windows Kits\10\include\10.0.26100.0\um\profileapi.h
注意: 包含文件:     C:\Program Files (x86)\Windows Kits\10\include\10.0.26100.0\um\heapapi.h
注意: 包含文件:     C:\Program Files (x86)\Windows Kits\10\include\10.0.26100.0\um\ioapiset.h
注意: 包含文件:     C:\Program Files (x86)\Windows Kits\10\include\10.0.26100.0\um\synchapi.h
注意: 包含文件:     C:\Program Files (x86)\Windows Kits\10\include\10.0.26100.0\um\interlockedapi.h
注意: 包含文件:     C:\Program Files (x86)\Windows Kits\10\include\10.0.26100.0\um\processthreadsapi.h
注意: 包含文件:     C:\Program Files (x86)\Windows Kits\10\include\10.0.26100.0\um\sysinfoapi.h
注意: 包含文件:     C:\Program Files (x86)\Windows Kits\10\include\10.0.26100.0\um\memoryapi.h
注意: 包含文件:     C:\Program Files (x86)\Windows Kits\10\include\10.0.26100.0\um\enclaveapi.h
注意: 包含文件:     C:\Program Files (x86)\Windows Kits\10\include\10.0.26100.0\um\threadpoollegacyapiset.h
注意: 包含文件:     C:\Program Files (x86)\Windows Kits\10\include\10.0.26100.0\um\threadpoolapiset.h
注意: 包含文件:     C:\Program Files (x86)\Windows Kits\10\include\10.0.26100.0\um\jobapi.h
注意: 包含文件:     C:\Program Files (x86)\Windows Kits\10\include\10.0.26100.0\um\jobapi2.h
注意: 包含文件:     C:\Program Files (x86)\Windows Kits\10\include\10.0.26100.0\um\wow64apiset.h
注意: 包含文件:     C:\Program Files (x86)\Windows Kits\10\include\10.0.26100.0\um\libloaderapi.h
注意: 包含文件:     C:\Program Files (x86)\Windows Kits\10\include\10.0.26100.0\um\securitybaseapi.h
注意: 包含文件:     C:\Program Files (x86)\Windows Kits\10\include\10.0.26100.0\um\namespaceapi.h
注意: 包含文件:     C:\Program Files (x86)\Windows Kits\10\include\10.0.26100.0\um\systemtopologyapi.h
注意: 包含文件:     C:\Program Files (x86)\Windows Kits\10\include\10.0.26100.0\um\processtopologyapi.h
注意: 包含文件:     C:\Program Files (x86)\Windows Kits\10\include\10.0.26100.0\um\securityappcontainer.h
注意: 包含文件:     C:\Program Files (x86)\Windows Kits\10\include\10.0.26100.0\um\realtimeapiset.h
注意: 包含文件:     C:\Program Files (x86)\Windows Kits\10\include\10.0.26100.0\shared\winerror.h
注意: 包含文件:     C:\Program Files (x86)\Windows Kits\10\include\10.0.26100.0\um\timezoneapi.h
注意: 包含文件:    C:\Program Files (x86)\Windows Kits\10\include\10.0.26100.0\um\wingdi.h
注意: 包含文件:     C:\Program Files (x86)\Windows Kits\10\include\10.0.26100.0\shared\pshpack1.h
注意: 包含文件:     C:\Program Files (x86)\Windows Kits\10\include\10.0.26100.0\shared\poppack.h
注意: 包含文件:     C:\Program Files (x86)\Windows Kits\10\include\10.0.26100.0\shared\pshpack2.h
注意: 包含文件:     C:\Program Files (x86)\Windows Kits\10\include\10.0.26100.0\shared\poppack.h
注意: 包含文件:     C:\Program Files (x86)\Windows Kits\10\include\10.0.26100.0\shared\pshpack2.h
注意: 包含文件:     C:\Program Files (x86)\Windows Kits\10\include\10.0.26100.0\shared\poppack.h
注意: 包含文件:     C:\Program Files (x86)\Windows Kits\10\include\10.0.26100.0\shared\pshpack4.h
注意: 包含文件:     C:\Program Files (x86)\Windows Kits\10\include\10.0.26100.0\shared\poppack.h
注意: 包含文件:     C:\Program Files (x86)\Windows Kits\10\include\10.0.26100.0\shared\pshpack4.h
注意: 包含文件:     C:\Program Files (x86)\Windows Kits\10\include\10.0.26100.0\shared\poppack.h
注意: 包含文件:    C:\Program Files (x86)\Windows Kits\10\include\10.0.26100.0\um\winuser.h
注意: 包含文件:     C:\Program Files (x86)\Windows Kits\10\include\10.0.26100.0\shared\pshpack2.h
注意: 包含文件:     C:\Program Files (x86)\Windows Kits\10\include\10.0.26100.0\shared\poppack.h
注意: 包含文件:     C:\Program Files (x86)\Windows Kits\10\include\10.0.26100.0\shared\tvout.h
注意: 包含文件:    C:\Program Files (x86)\Windows Kits\10\include\10.0.26100.0\um\winnls.h
注意: 包含文件:     C:\Program Files (x86)\Windows Kits\10\include\10.0.26100.0\um\datetimeapi.h
注意: 包含文件:     C:\Program Files (x86)\Windows Kits\10\include\10.0.26100.0\um\stringapiset.h
注意: 包含文件:      C:\Program Files (x86)\Windows Kits\10\include\10.0.26100.0\um\winnls.h
注意: 包含文件:    C:\Program Files (x86)\Windows Kits\10\include\10.0.26100.0\um\wincon.h
注意: 包含文件:     C:\Program Files (x86)\Windows Kits\10\include\10.0.26100.0\um\wincontypes.h
注意: 包含文件:     C:\Program Files (x86)\Windows Kits\10\include\10.0.26100.0\um\consoleapi.h
注意: 包含文件:     C:\Program Files (x86)\Windows Kits\10\include\10.0.26100.0\um\consoleapi2.h
注意: 包含文件:     C:\Program Files (x86)\Windows Kits\10\include\10.0.26100.0\um\consoleapi3.h
注意: 包含文件:    C:\Program Files (x86)\Windows Kits\10\include\10.0.26100.0\um\winver.h
注意: 包含文件:     C:\Program Files (x86)\Windows Kits\10\include\10.0.26100.0\um\verrsrc.h
注意: 包含文件:    C:\Program Files (x86)\Windows Kits\10\include\10.0.26100.0\um\winreg.h
注意: 包含文件:     C:\Program Files (x86)\Windows Kits\10\include\10.0.26100.0\um\reason.h
注意: 包含文件:    C:\Program Files (x86)\Windows Kits\10\include\10.0.26100.0\um\winnetwk.h
注意: 包含文件:     C:\Program Files (x86)\Windows Kits\10\include\10.0.26100.0\shared\wnnc.h
注意: 包含文件:    C:\Program Files (x86)\Windows Kits\10\include\10.0.26100.0\shared\stralign.h
注意: 包含文件:    C:\Program Files (x86)\Windows Kits\10\include\10.0.26100.0\um\winsvc.h
注意: 包含文件:    C:\Program Files (x86)\Windows Kits\10\include\10.0.26100.0\um\mcx.h
注意: 包含文件:    C:\Program Files (x86)\Windows Kits\10\include\10.0.26100.0\um\imm.h
注意: 包含文件:     C:\Program Files (x86)\Windows Kits\10\include\10.0.26100.0\um\ime_cmodes.h
注意: 包含文件:  C:\Program Files (x86)\Windows Kits\10\include\10.0.26100.0\um\psapi.h
注意: 包含文件:  C:\Program Files (x86)\Windows Kits\10\include\10.0.26100.0\ucrt\io.h
注意: 包含文件:   C:\Program Files (x86)\Windows Kits\10\include\10.0.26100.0\ucrt\corecrt_io.h
注意: 包含文件:  E:\strata-setup\cuda-portable\include\cuda_runtime.h
注意: 包含文件:  C:\BuildTools\VC\Tools\MSVC\14.44.35207\include\iostream
注意: 包含文件:   C:\BuildTools\VC\Tools\MSVC\14.44.35207\include\ostream
C:\Users\Winge\Documents\Playground\Strata-optimization-pr\src\program\generate.cpp(219): warning C4996: 'getenv': This function or variable may be unsafe. Consider using _dupenv_s instead. To disable deprecation, use _CRT_SECURE_NO_WARNINGS. See online help for details.
C:\Users\Winge\Documents\Playground\Strata-optimization-pr\src\program\generate.cpp(221): warning C4996: 'fopen': This function or variable may be unsafe. Consider using fopen_s instead. To disable deprecation, use _CRT_SECURE_NO_WARNINGS. See online help for details.
C:\Users\Winge\Documents\Playground\Strata-optimization-pr\src\program\generate.cpp(233): warning C4996: 'getenv': This function or variable may be unsafe. Consider using _dupenv_s instead. To disable deprecation, use _CRT_SECURE_NO_WARNINGS. See online help for details.
C:\Users\Winge\Documents\Playground\Strata-optimization-pr\src\program\generate.cpp(242): warning C4996: 'getenv': This function or variable may be unsafe. Consider using _dupenv_s instead. To disable deprecation, use _CRT_SECURE_NO_WARNINGS. See online help for details.
C:\Users\Winge\Documents\Playground\Strata-optimization-pr\src\program\generate.cpp(243): warning C4996: 'getenv': This function or variable may be unsafe. Consider using _dupenv_s instead. To disable deprecation, use _CRT_SECURE_NO_WARNINGS. See online help for details.
C:\Users\Winge\Documents\Playground\Strata-optimization-pr\src\program\generate.cpp(1208): warning C4996: 'getenv': This function or variable may be unsafe. Consider using _dupenv_s instead. To disable deprecation, use _CRT_SECURE_NO_WARNINGS. See online help for details.
C:\Users\Winge\Documents\Playground\Strata-optimization-pr\src\program\generate.cpp(1217): warning C4996: 'getenv': This function or variable may be unsafe. Consider using _dupenv_s instead. To disable deprecation, use _CRT_SECURE_NO_WARNINGS. See online help for details.
C:\Users\Winge\Documents\Playground\Strata-optimization-pr\src\program\generate.cpp(1227): warning C4996: 'getenv': This function or variable may be unsafe. Consider using _dupenv_s instead. To disable deprecation, use _CRT_SECURE_NO_WARNINGS. See online help for details.
C:\Users\Winge\Documents\Playground\Strata-optimization-pr\src\program\generate.cpp(1283): warning C4996: 'getenv': This function or variable may be unsafe. Consider using _dupenv_s instead. To disable deprecation, use _CRT_SECURE_NO_WARNINGS. See online help for details.
C:\Users\Winge\Documents\Playground\Strata-optimization-pr\src\program\generate.cpp(2606): warning C4996: 'getenv': This function or variable may be unsafe. Consider using _dupenv_s instead. To disable deprecation, use _CRT_SECURE_NO_WARNINGS. See online help for details.
C:\Users\Winge\Documents\Playground\Strata-optimization-pr\src\program\generate.cpp(2626): warning C4996: 'fopen': This function or variable may be unsafe. Consider using fopen_s instead. To disable deprecation, use _CRT_SECURE_NO_WARNINGS. See online help for details.
C:\Users\Winge\Documents\Playground\Strata-optimization-pr\src\program\generate.cpp(2630): warning C4996: 'sscanf': This function or variable may be unsafe. Consider using sscanf_s instead. To disable deprecation, use _CRT_SECURE_NO_WARNINGS. See online help for details.
C:\Users\Winge\Documents\Playground\Strata-optimization-pr\src\program\generate.cpp(3243): warning C4996: 'getenv': This function or variable may be unsafe. Consider using _dupenv_s instead. To disable deprecation, use _CRT_SECURE_NO_WARNINGS. See online help for details.
C:\Users\Winge\Documents\Playground\Strata-optimization-pr\src\program\generate.cpp(3330): warning C4996: 'getenv': This function or variable may be unsafe. Consider using _dupenv_s instead. To disable deprecation, use _CRT_SECURE_NO_WARNINGS. See online help for details.
C:\Users\Winge\Documents\Playground\Strata-optimization-pr\src\program\generate.cpp(3466): warning C4996: 'getenv': This function or variable may be unsafe. Consider using _dupenv_s instead. To disable deprecation, use _CRT_SECURE_NO_WARNINGS. See online help for details.
C:\Users\Winge\Documents\Playground\Strata-optimization-pr\src\program\generate.cpp(4247): warning C4996: 'getenv': This function or variable may be unsafe. Consider using _dupenv_s instead. To disable deprecation, use _CRT_SECURE_NO_WARNINGS. See online help for details.
C:\Users\Winge\Documents\Playground\Strata-optimization-pr\src\program\generate.cpp(4731): warning C4996: 'getenv': This function or variable may be unsafe. Consider using _dupenv_s instead. To disable deprecation, use _CRT_SECURE_NO_WARNINGS. See online help for details.
C:\Users\Winge\Documents\Playground\Strata-optimization-pr\src\program\generate.cpp(4737): warning C4996: 'getenv': This function or variable may be unsafe. Consider using _dupenv_s instead. To disable deprecation, use _CRT_SECURE_NO_WARNINGS. See online help for details.
C:\Users\Winge\Documents\Playground\Strata-optimization-pr\src\program\generate.cpp(4889): warning C4996: 'getenv': This function or variable may be unsafe. Consider using _dupenv_s instead. To disable deprecation, use _CRT_SECURE_NO_WARNINGS. See online help for details.
C:\Users\Winge\Documents\Playground\Strata-optimization-pr\src\program\generate.cpp(4909): warning C4996: 'getenv': This function or variable may be unsafe. Consider using _dupenv_s instead. To disable deprecation, use _CRT_SECURE_NO_WARNINGS. See online help for details.
C:\Users\Winge\Documents\Playground\Strata-optimization-pr\src\program\generate.cpp(5190): warning C4244: “=”: 从“const int64_t”转换到“int32_t”，可能丢失数据
C:\Users\Winge\Documents\Playground\Strata-optimization-pr\src\program\generate.cpp(5674): warning C4996: 'getenv': This function or variable may be unsafe. Consider using _dupenv_s instead. To disable deprecation, use _CRT_SECURE_NO_WARNINGS. See online help for details.
C:\Users\Winge\Documents\Playground\Strata-optimization-pr\src\program\generate.cpp(5695): warning C4996: 'getenv': This function or variable may be unsafe. Consider using _dupenv_s instead. To disable deprecation, use _CRT_SECURE_NO_WARNINGS. See online help for details.
C:\Users\Winge\Documents\Playground\Strata-optimization-pr\src\program\generate.cpp(5817): warning C4996: 'getenv': This function or variable may be unsafe. Consider using _dupenv_s instead. To disable deprecation, use _CRT_SECURE_NO_WARNINGS. See online help for details.
C:\Users\Winge\Documents\Playground\Strata-optimization-pr\src\program\generate.cpp(5819): warning C4996: 'getenv': This function or variable may be unsafe. Consider using _dupenv_s instead. To disable deprecation, use _CRT_SECURE_NO_WARNINGS. See online help for details.
C:\Users\Winge\Documents\Playground\Strata-optimization-pr\src\program\generate.cpp(5863): warning C4456: “r”的声明隐藏了上一个本地声明
C:\Users\Winge\Documents\Playground\Strata-optimization-pr\src\program\generate.cpp(5835): note: 参见“r”的声明
C:\Users\Winge\Documents\Playground\Strata-optimization-pr\src\program\generate.cpp(6021): warning C4996: 'getenv': This function or variable may be unsafe. Consider using _dupenv_s instead. To disable deprecation, use _CRT_SECURE_NO_WARNINGS. See online help for details.
C:\Users\Winge\Documents\Playground\Strata-optimization-pr\src\program\generate.cpp(6153): warning C4456: “sp”的声明隐藏了上一个本地声明
C:\Users\Winge\Documents\Playground\Strata-optimization-pr\src\program\generate.cpp(5149): note: 参见“sp”的声明
C:\Users\Winge\Documents\Playground\Strata-optimization-pr\src\program\generate.cpp(6369): warning C4996: 'getenv': This function or variable may be unsafe. Consider using _dupenv_s instead. To disable deprecation, use _CRT_SECURE_NO_WARNINGS. See online help for details.
C:\Users\Winge\Documents\Playground\Strata-optimization-pr\src\program\generate.cpp(6961): warning C4996: 'getenv': This function or variable may be unsafe. Consider using _dupenv_s instead. To disable deprecation, use _CRT_SECURE_NO_WARNINGS. See online help for details.
C:\Users\Winge\Documents\Playground\Strata-optimization-pr\src\program\generate.cpp(7218): warning C4996: 'getenv': This function or variable may be unsafe. Consider using _dupenv_s instead. To disable deprecation, use _CRT_SECURE_NO_WARNINGS. See online help for details.
C:\Users\Winge\Documents\Playground\Strata-optimization-pr\src\program\generate.cpp(8600): warning C4189: “w”: 局部变量已初始化但不引用
C:\Users\Winge\Documents\Playground\Strata-optimization-pr\src\program\generate.cpp(8802): warning C4456: “wo”的声明隐藏了上一个本地声明
C:\Users\Winge\Documents\Playground\Strata-optimization-pr\src\program\generate.cpp(3960): note: 参见“wo”的声明
C:\Users\Winge\Documents\Playground\Strata-optimization-pr\src\program\generate.cpp(8936): warning C4456: “tok”的声明隐藏了上一个本地声明
C:\Users\Winge\Documents\Playground\Strata-optimization-pr\src\program\generate.cpp(5229): note: 参见“tok”的声明
C:\Users\Winge\Documents\Playground\Strata-optimization-pr\src\program\generate.cpp(8992): warning C4456: “hdr”的声明隐藏了上一个本地声明
C:\Users\Winge\Documents\Playground\Strata-optimization-pr\src\program\generate.cpp(5169): note: 参见“hdr”的声明
C:\Users\Winge\Documents\Playground\Strata-optimization-pr\src\program\generate.cpp(9314): warning C4996: 'getenv': This function or variable may be unsafe. Consider using _dupenv_s instead. To disable deprecation, use _CRT_SECURE_NO_WARNINGS. See online help for details.
C:\Users\Winge\Documents\Playground\Strata-optimization-pr\src\program\generate.cpp(9546): warning C4996: 'getenv': This function or variable may be unsafe. Consider using _dupenv_s instead. To disable deprecation, use _CRT_SECURE_NO_WARNINGS. See online help for details.
C:\Users\Winge\Documents\Playground\Strata-optimization-pr\src\program\generate.cpp(9547): warning C4996: 'fopen': This function or variable may be unsafe. Consider using fopen_s instead. To disable deprecation, use _CRT_SECURE_NO_WARNINGS. See online help for details.
C:\Users\Winge\Documents\Playground\Strata-optimization-pr\src\program\generate.cpp(9550): warning C4996: 'getenv': This function or variable may be unsafe. Consider using _dupenv_s instead. To disable deprecation, use _CRT_SECURE_NO_WARNINGS. See online help for details.
C:\Users\Winge\Documents\Playground\Strata-optimization-pr\src\program\generate.cpp(9518): warning C4996: 'getenv': This function or variable may be unsafe. Consider using _dupenv_s instead. To disable deprecation, use _CRT_SECURE_NO_WARNINGS. See online help for details.
C:\Users\Winge\Documents\Playground\Strata-optimization-pr\src\program\generate.cpp(9690): warning C4996: 'getenv': This function or variable may be unsafe. Consider using _dupenv_s instead. To disable deprecation, use _CRT_SECURE_NO_WARNINGS. See online help for details.
C:\Users\Winge\Documents\Playground\Strata-optimization-pr\src\program\generate.cpp(9842): warning C4996: 'getenv': This function or variable may be unsafe. Consider using _dupenv_s instead. To disable deprecation, use _CRT_SECURE_NO_WARNINGS. See online help for details.
C:\Users\Winge\Documents\Playground\Strata-optimization-pr\src\program\generate.cpp(9943): warning C4456: “sbuf”的声明隐藏了上一个本地声明
C:\Users\Winge\Documents\Playground\Strata-optimization-pr\src\program\generate.cpp(2763): note: 参见“sbuf”的声明
C:\Users\Winge\Documents\Playground\Strata-optimization-pr\src\program\generate.cpp(10876): warning C4456: “pool”的声明隐藏了上一个本地声明
C:\Users\Winge\Documents\Playground\Strata-optimization-pr\src\program\generate.cpp(4203): note: 参见“pool”的声明
C:\Users\Winge\Documents\Playground\Strata-optimization-pr\src\program\generate.cpp(10885): warning C4456: “pool”的声明隐藏了上一个本地声明
C:\Users\Winge\Documents\Playground\Strata-optimization-pr\src\program\generate.cpp(4203): note: 参见“pool”的声明
C:\Users\Winge\Documents\Playground\Strata-optimization-pr\src\program\generate.cpp(11542): warning C4996: 'getenv': This function or variable may be unsafe. Consider using _dupenv_s instead. To disable deprecation, use _CRT_SECURE_NO_WARNINGS. See online help for details.
C:\Users\Winge\Documents\Playground\Strata-optimization-pr\src\program\generate.cpp(11572): warning C4996: 'getenv': This function or variable may be unsafe. Consider using _dupenv_s instead. To disable deprecation, use _CRT_SECURE_NO_WARNINGS. See online help for details.
C:\Users\Winge\Documents\Playground\Strata-optimization-pr\src\program\generate.cpp(11686): warning C4456: “sbuf”的声明隐藏了上一个本地声明
C:\Users\Winge\Documents\Playground\Strata-optimization-pr\src\program\generate.cpp(2763): note: 参见“sbuf”的声明
C:\Users\Winge\Documents\Playground\Strata-optimization-pr\src\program\generate.cpp(12012): warning C4456: “hdr”的声明隐藏了上一个本地声明
C:\Users\Winge\Documents\Playground\Strata-optimization-pr\src\program\generate.cpp(5169): note: 参见“hdr”的声明
C:\Users\Winge\Documents\Playground\Strata-optimization-pr\src\program\generate.cpp(1539): warning C4996: 'getenv': This function or variable may be unsafe. Consider using _dupenv_s instead. To disable deprecation, use _CRT_SECURE_NO_WARNINGS. See online help for details.
C:\Users\Winge\Documents\Playground\Strata-optimization-pr\src\program\generate.cpp(1557): warning C4996: 'getenv': This function or variable may be unsafe. Consider using _dupenv_s instead. To disable deprecation, use _CRT_SECURE_NO_WARNINGS. See online help for details.
C:\Users\Winge\Documents\Playground\Strata-optimization-pr\src\program\generate.cpp(1732): warning C4996: 'getenv': This function or variable may be unsafe. Consider using _dupenv_s instead. To disable deprecation, use _CRT_SECURE_NO_WARNINGS. See online help for details.
C:\Users\Winge\Documents\Playground\Strata-optimization-pr\src\program\generate.cpp(1872): warning C4996: 'getenv': This function or variable may be unsafe. Consider using _dupenv_s instead. To disable deprecation, use _CRT_SECURE_NO_WARNINGS. See online help for details.
C:\Users\Winge\Documents\Playground\Strata-optimization-pr\src\program\generate.cpp(1874): warning C4996: 'getenv': This function or variable may be unsafe. Consider using _dupenv_s instead. To disable deprecation, use _CRT_SECURE_NO_WARNINGS. See online help for details.
C:\Users\Winge\Documents\Playground\Strata-optimization-pr\src\program\generate.cpp(1883): warning C4996: 'getenv': This function or variable may be unsafe. Consider using _dupenv_s instead. To disable deprecation, use _CRT_SECURE_NO_WARNINGS. See online help for details.
C:\Users\Winge\Documents\Playground\Strata-optimization-pr\src\program\generate.cpp(1885): warning C4996: 'getenv': This function or variable may be unsafe. Consider using _dupenv_s instead. To disable deprecation, use _CRT_SECURE_NO_WARNINGS. See online help for details.
C:\Users\Winge\Documents\Playground\Strata-optimization-pr\src\program\generate.cpp(1918): warning C4996: 'getenv': This function or variable may be unsafe. Consider using _dupenv_s instead. To disable deprecation, use _CRT_SECURE_NO_WARNINGS. See online help for details.
C:\Users\Winge\Documents\Playground\Strata-optimization-pr\src\program\generate.cpp(1993): warning C4996: 'getenv': This function or variable may be unsafe. Consider using _dupenv_s instead. To disable deprecation, use _CRT_SECURE_NO_WARNINGS. See online help for details.
C:\Users\Winge\Documents\Playground\Strata-optimization-pr\src\program\generate.cpp(2054): warning C4996: 'getenv': This function or variable may be unsafe. Consider using _dupenv_s instead. To disable deprecation, use _CRT_SECURE_NO_WARNINGS. See online help for details.
C:\Users\Winge\Documents\Playground\Strata-optimization-pr\src\program\generate.cpp(2154): warning C4996: 'getenv': This function or variable may be unsafe. Consider using _dupenv_s instead. To disable deprecation, use _CRT_SECURE_NO_WARNINGS. See online help for details.
C:\Users\Winge\Documents\Playground\Strata-optimization-pr\src\program\generate.cpp(2415): warning C4996: 'getenv': This function or variable may be unsafe. Consider using _dupenv_s instead. To disable deprecation, use _CRT_SECURE_NO_WARNINGS. See online help for details.
C:\Users\Winge\Documents\Playground\Strata-optimization-pr\src\program\generate.cpp(2454): warning C4996: 'getenv': This function or variable may be unsafe. Consider using _dupenv_s instead. To disable deprecation, use _CRT_SECURE_NO_WARNINGS. See online help for details.
C:\Users\Winge\Documents\Playground\Strata-optimization-pr\src\program\generate.cpp(2789): warning C4996: 'fopen': This function or variable may be unsafe. Consider using fopen_s instead. To disable deprecation, use _CRT_SECURE_NO_WARNINGS. See online help for details.
C:\Users\Winge\Documents\Playground\Strata-optimization-pr\src\program\generate.cpp(2832): warning C4996: 'getenv': This function or variable may be unsafe. Consider using _dupenv_s instead. To disable deprecation, use _CRT_SECURE_NO_WARNINGS. See online help for details.
C:\Users\Winge\Documents\Playground\Strata-optimization-pr\src\program\generate.cpp(2833): warning C4996: 'getenv': This function or variable may be unsafe. Consider using _dupenv_s instead. To disable deprecation, use _CRT_SECURE_NO_WARNINGS. See online help for details.
C:\Users\Winge\Documents\Playground\Strata-optimization-pr\src\program\generate.cpp(3124): warning C4996: 'getenv': This function or variable may be unsafe. Consider using _dupenv_s instead. To disable deprecation, use _CRT_SECURE_NO_WARNINGS. See online help for details.
C:\Users\Winge\Documents\Playground\Strata-optimization-pr\src\program\generate.cpp(3126): warning C4996: 'getenv': This function or variable may be unsafe. Consider using _dupenv_s instead. To disable deprecation, use _CRT_SECURE_NO_WARNINGS. See online help for details.
C:\Users\Winge\Documents\Playground\Strata-optimization-pr\src\program\generate.cpp(3282): warning C4996: 'getenv': This function or variable may be unsafe. Consider using _dupenv_s instead. To disable deprecation, use _CRT_SECURE_NO_WARNINGS. See online help for details.
C:\Users\Winge\Documents\Playground\Strata-optimization-pr\src\program\generate.cpp(3308): warning C4996: 'getenv': This function or variable may be unsafe. Consider using _dupenv_s instead. To disable deprecation, use _CRT_SECURE_NO_WARNINGS. See online help for details.
C:\Users\Winge\Documents\Playground\Strata-optimization-pr\src\program\generate.cpp(3314): warning C4996: 'getenv': This function or variable may be unsafe. Consider using _dupenv_s instead. To disable deprecation, use _CRT_SECURE_NO_WARNINGS. See online help for details.
C:\Users\Winge\Documents\Playground\Strata-optimization-pr\src\program\generate.cpp(3740): warning C4996: 'getenv': This function or variable may be unsafe. Consider using _dupenv_s instead. To disable deprecation, use _CRT_SECURE_NO_WARNINGS. See online help for details.
C:\Users\Winge\Documents\Playground\Strata-optimization-pr\src\program\generate.cpp(3752): warning C4996: 'getenv': This function or variable may be unsafe. Consider using _dupenv_s instead. To disable deprecation, use _CRT_SECURE_NO_WARNINGS. See online help for details.
C:\Users\Winge\Documents\Playground\Strata-optimization-pr\src\program\generate.cpp(3819): warning C4996: 'getenv': This function or variable may be unsafe. Consider using _dupenv_s instead. To disable deprecation, use _CRT_SECURE_NO_WARNINGS. See online help for details.
C:\Users\Winge\Documents\Playground\Strata-optimization-pr\src\program\generate.cpp(4102): warning C4996: 'getenv': This function or variable may be unsafe. Consider using _dupenv_s instead. To disable deprecation, use _CRT_SECURE_NO_WARNINGS. See online help for details.
C:\Users\Winge\Documents\Playground\Strata-optimization-pr\src\program\generate.cpp(4121): warning C4996: 'getenv': This function or variable may be unsafe. Consider using _dupenv_s instead. To disable deprecation, use _CRT_SECURE_NO_WARNINGS. See online help for details.
C:\Users\Winge\Documents\Playground\Strata-optimization-pr\src\program\generate.cpp(4128): warning C4996: 'getenv': This function or variable may be unsafe. Consider using _dupenv_s instead. To disable deprecation, use _CRT_SECURE_NO_WARNINGS. See online help for details.
C:\Users\Winge\Documents\Playground\Strata-optimization-pr\src\program\generate.cpp(4129): warning C4996: 'getenv': This function or variable may be unsafe. Consider using _dupenv_s instead. To disable deprecation, use _CRT_SECURE_NO_WARNINGS. See online help for details.
C:\Users\Winge\Documents\Playground\Strata-optimization-pr\src\program\generate.cpp(4139): warning C4996: 'getenv': This function or variable may be unsafe. Consider using _dupenv_s instead. To disable deprecation, use _CRT_SECURE_NO_WARNINGS. See online help for details.
C:\Users\Winge\Documents\Playground\Strata-optimization-pr\src\program\generate.cpp(4155): warning C4996: 'getenv': This function or variable may be unsafe. Consider using _dupenv_s instead. To disable deprecation, use _CRT_SECURE_NO_WARNINGS. See online help for details.
C:\Users\Winge\Documents\Playground\Strata-optimization-pr\src\program\generate.cpp(4503): warning C4996: 'getenv': This function or variable may be unsafe. Consider using _dupenv_s instead. To disable deprecation, use _CRT_SECURE_NO_WARNINGS. See online help for details.
C:\Users\Winge\Documents\Playground\Strata-optimization-pr\src\program\generate.cpp(4608): warning C4996: 'getenv': This function or variable may be unsafe. Consider using _dupenv_s instead. To disable deprecation, use _CRT_SECURE_NO_WARNINGS. See online help for details.
C:\Users\Winge\Documents\Playground\Strata-optimization-pr\src\program\generate.cpp(4920): warning C4996: 'getenv': This function or variable may be unsafe. Consider using _dupenv_s instead. To disable deprecation, use _CRT_SECURE_NO_WARNINGS. See online help for details.
C:\Users\Winge\Documents\Playground\Strata-optimization-pr\src\program\generate.cpp(4923): warning C4996: 'getenv': This function or variable may be unsafe. Consider using _dupenv_s instead. To disable deprecation, use _CRT_SECURE_NO_WARNINGS. See online help for details.
C:\Users\Winge\Documents\Playground\Strata-optimization-pr\src\program\generate.cpp(5027): warning C4996: 'fopen': This function or variable may be unsafe. Consider using fopen_s instead. To disable deprecation, use _CRT_SECURE_NO_WARNINGS. See online help for details.
C:\Users\Winge\Documents\Playground\Strata-optimization-pr\src\program\generate.cpp(5177): warning C4996: 'fopen': This function or variable may be unsafe. Consider using fopen_s instead. To disable deprecation, use _CRT_SECURE_NO_WARNINGS. See online help for details.
C:\Users\Winge\Documents\Playground\Strata-optimization-pr\src\program\generate.cpp(5201): warning C4996: 'fopen': This function or variable may be unsafe. Consider using fopen_s instead. To disable deprecation, use _CRT_SECURE_NO_WARNINGS. See online help for details.
C:\Users\Winge\Documents\Playground\Strata-optimization-pr\src\program\generate.cpp(5535): warning C4996: 'getenv': This function or variable may be unsafe. Consider using _dupenv_s instead. To disable deprecation, use _CRT_SECURE_NO_WARNINGS. See online help for details.
C:\Users\Winge\Documents\Playground\Strata-optimization-pr\src\program\generate.cpp(6207): warning C4996: 'getenv': This function or variable may be unsafe. Consider using _dupenv_s instead. To disable deprecation, use _CRT_SECURE_NO_WARNINGS. See online help for details.
C:\Users\Winge\Documents\Playground\Strata-optimization-pr\src\program\generate.cpp(6559): warning C4996: 'getenv': This function or variable may be unsafe. Consider using _dupenv_s instead. To disable deprecation, use _CRT_SECURE_NO_WARNINGS. See online help for details.
C:\Users\Winge\Documents\Playground\Strata-optimization-pr\src\program\generate.cpp(6561): warning C4996: 'getenv': This function or variable may be unsafe. Consider using _dupenv_s instead. To disable deprecation, use _CRT_SECURE_NO_WARNINGS. See online help for details.
C:\Users\Winge\Documents\Playground\Strata-optimization-pr\src\program\generate.cpp(7994): warning C4996: 'getenv': This function or variable may be unsafe. Consider using _dupenv_s instead. To disable deprecation, use _CRT_SECURE_NO_WARNINGS. See online help for details.
C:\Users\Winge\Documents\Playground\Strata-optimization-pr\src\program\generate.cpp(8081): warning C4996: 'getenv': This function or variable may be unsafe. Consider using _dupenv_s instead. To disable deprecation, use _CRT_SECURE_NO_WARNINGS. See online help for details.
C:\Users\Winge\Documents\Playground\Strata-optimization-pr\src\program\generate.cpp(8989): warning C4996: 'fopen': This function or variable may be unsafe. Consider using fopen_s instead. To disable deprecation, use _CRT_SECURE_NO_WARNINGS. See online help for details.
C:\Users\Winge\Documents\Playground\Strata-optimization-pr\src\program\generate.cpp(9259): warning C4996: 'getenv': This function or variable may be unsafe. Consider using _dupenv_s instead. To disable deprecation, use _CRT_SECURE_NO_WARNINGS. See online help for details.
C:\Users\Winge\Documents\Playground\Strata-optimization-pr\src\program\generate.cpp(9286): warning C4996: 'getenv': This function or variable may be unsafe. Consider using _dupenv_s instead. To disable deprecation, use _CRT_SECURE_NO_WARNINGS. See online help for details.
C:\Users\Winge\Documents\Playground\Strata-optimization-pr\src\program\generate.cpp(9335): warning C4996: 'getenv': This function or variable may be unsafe. Consider using _dupenv_s instead. To disable deprecation, use _CRT_SECURE_NO_WARNINGS. See online help for details.
C:\Users\Winge\Documents\Playground\Strata-optimization-pr\src\program\generate.cpp(9392): warning C4996: 'getenv': This function or variable may be unsafe. Consider using _dupenv_s instead. To disable deprecation, use _CRT_SECURE_NO_WARNINGS. See online help for details.
C:\Users\Winge\Documents\Playground\Strata-optimization-pr\src\program\generate.cpp(9414): warning C4996: 'fopen': This function or variable may be unsafe. Consider using fopen_s instead. To disable deprecation, use _CRT_SECURE_NO_WARNINGS. See online help for details.
C:\Users\Winge\Documents\Playground\Strata-optimization-pr\src\program\generate.cpp(9607): warning C4996: 'getenv': This function or variable may be unsafe. Consider using _dupenv_s instead. To disable deprecation, use _CRT_SECURE_NO_WARNINGS. See online help for details.
C:\Users\Winge\Documents\Playground\Strata-optimization-pr\src\program\generate.cpp(9960): warning C4996: 'getenv': This function or variable may be unsafe. Consider using _dupenv_s instead. To disable deprecation, use _CRT_SECURE_NO_WARNINGS. See online help for details.
C:\Users\Winge\Documents\Playground\Strata-optimization-pr\src\program\generate.cpp(9969): warning C4996: 'getenv': This function or variable may be unsafe. Consider using _dupenv_s instead. To disable deprecation, use _CRT_SECURE_NO_WARNINGS. See online help for details.
C:\Users\Winge\Documents\Playground\Strata-optimization-pr\src\program\generate.cpp(10567): warning C4996: 'fopen': This function or variable may be unsafe. Consider using fopen_s instead. To disable deprecation, use _CRT_SECURE_NO_WARNINGS. See online help for details.
C:\Users\Winge\Documents\Playground\Strata-optimization-pr\src\program\generate.cpp(10787): warning C4996: 'getenv': This function or variable may be unsafe. Consider using _dupenv_s instead. To disable deprecation, use _CRT_SECURE_NO_WARNINGS. See online help for details.
C:\Users\Winge\Documents\Playground\Strata-optimization-pr\src\program\generate.cpp(10829): warning C4996: 'getenv': This function or variable may be unsafe. Consider using _dupenv_s instead. To disable deprecation, use _CRT_SECURE_NO_WARNINGS. See online help for details.
C:\Users\Winge\Documents\Playground\Strata-optimization-pr\src\program\generate.cpp(11053): warning C4996: 'getenv': This function or variable may be unsafe. Consider using _dupenv_s instead. To disable deprecation, use _CRT_SECURE_NO_WARNINGS. See online help for details.
C:\Users\Winge\Documents\Playground\Strata-optimization-pr\src\program\generate.cpp(11082): warning C4996: 'getenv': This function or variable may be unsafe. Consider using _dupenv_s instead. To disable deprecation, use _CRT_SECURE_NO_WARNINGS. See online help for details.
C:\Users\Winge\Documents\Playground\Strata-optimization-pr\src\program\generate.cpp(11114): warning C4996: 'fopen': This function or variable may be unsafe. Consider using fopen_s instead. To disable deprecation, use _CRT_SECURE_NO_WARNINGS. See online help for details.
C:\Users\Winge\Documents\Playground\Strata-optimization-pr\src\program\generate.cpp(11674): warning C4996: 'fopen': This function or variable may be unsafe. Consider using fopen_s instead. To disable deprecation, use _CRT_SECURE_NO_WARNINGS. See online help for details.
C:\Users\Winge\Documents\Playground\Strata-optimization-pr\src\program\generate.cpp(11729): warning C4996: 'getenv': This function or variable may be unsafe. Consider using _dupenv_s instead. To disable deprecation, use _CRT_SECURE_NO_WARNINGS. See online help for details.
C:\Users\Winge\Documents\Playground\Strata-optimization-pr\src\program\generate.cpp(11797): warning C4996: 'getenv': This function or variable may be unsafe. Consider using _dupenv_s instead. To disable deprecation, use _CRT_SECURE_NO_WARNINGS. See online help for details.
C:\Users\Winge\Documents\Playground\Strata-optimization-pr\src\program\generate.cpp(11799): warning C4996: 'fopen': This function or variable may be unsafe. Consider using fopen_s instead. To disable deprecation, use _CRT_SECURE_NO_WARNINGS. See online help for details.
C:\Users\Winge\Documents\Playground\Strata-optimization-pr\src\program\generate.cpp(11987): warning C4996: 'fopen': This function or variable may be unsafe. Consider using fopen_s instead. To disable deprecation, use _CRT_SECURE_NO_WARNINGS. See online help for details.
C:\Users\Winge\Documents\Playground\Strata-optimization-pr\src\program\generate.cpp(12007): warning C4996: 'fopen': This function or variable may be unsafe. Consider using fopen_s instead. To disable deprecation, use _CRT_SECURE_NO_WARNINGS. See online help for details.
C:\BuildTools\VC\Tools\MSVC\14.44.35207\include\vector(1461): warning C4244: “=”: 从“__int64”转换到“int”，可能丢失数据
C:\BuildTools\VC\Tools\MSVC\14.44.35207\include\vector(1461): note: 模板实例化上下文(最早的实例化上下文)为
C:\Users\Winge\Documents\Playground\Strata-optimization-pr\src\program\generate.cpp(7156): note: 查看对正在编译的函数 模板 实例化“void std::vector<int32_t,std::allocator<int>>::assign<std::_Vector_iterator<std::_Vector_val<std::_Simple_types<_Ty>>>,0>(_Iter,_Iter)”的引用
        with
        [
            _Ty=int64_t,
            _Iter=std::_Vector_iterator<std::_Vector_val<std::_Simple_types<int64_t>>>
        ]
C:\Users\Winge\Documents\Playground\Strata-optimization-pr\src\program\generate.cpp(7156): note: 请参阅 "main::<lambda_75>::operator ()" 中对 "std::vector<int32_t,std::allocator<int>>::assign" 的第一个引用
C:\BuildTools\VC\Tools\MSVC\14.44.35207\include\vector(1491): note: 查看对正在编译的函数 模板 实例化“void std::vector<int32_t,std::allocator<int>>::_Assign_counted_range<__int64*>(_Iter,const unsigned __int64)”的引用
        with
        [
            _Iter=__int64 *
        ]
C:\BuildTools\VC\Tools\MSVC\14.44.35207\include\xutility(4813): warning C4244: “=”: 从“__int64”转换到“int”，可能丢失数据
C:\BuildTools\VC\Tools\MSVC\14.44.35207\include\xutility(4813): note: 模板实例化上下文(最早的实例化上下文)为
C:\BuildTools\VC\Tools\MSVC\14.44.35207\include\vector(1491): note: 查看对正在编译的函数 模板 实例化“void std::vector<int32_t,std::allocator<int>>::_Assign_counted_range<__int64*>(_Iter,const unsigned __int64)”的引用
        with
        [
            _Iter=__int64 *
        ]
C:\BuildTools\VC\Tools\MSVC\14.44.35207\include\vector(1475): note: 查看对正在编译的函数 模板 实例化“_OutIt *std::_Copy_n_unchecked4<__int64*,unsigned __int64,int*>(_InIt,_SizeTy,_OutIt)”的引用
        with
        [
            _OutIt=int *,
            _InIt=__int64 *,
            _SizeTy=unsigned __int64
        ]
C:\BuildTools\VC\Tools\MSVC\14.44.35207\include\xutility(462): warning C4244: “初始化”: 从“int64_t”转换到“_Ty”，可能丢失数据
        with
        [
            _Ty=int
        ]
C:\BuildTools\VC\Tools\MSVC\14.44.35207\include\xutility(462): note: 模板实例化上下文(最早的实例化上下文)为
C:\BuildTools\VC\Tools\MSVC\14.44.35207\include\vector(1436): note: 查看对正在编译的函数 模板 实例化“int *std::_Uninitialized_copy_n<__int64*,std::allocator<int>>(_InIt,size_t,int *,_Alloc &)”的引用
        with
        [
            _InIt=__int64 *,
            _Alloc=std::allocator<int>
        ]
C:\BuildTools\VC\Tools\MSVC\14.44.35207\include\xmemory(1938): note: 查看对正在编译的函数 模板 实例化“void std::_Uninitialized_backout_al<std::allocator<int>>::_Emplace_back<__int64&>(__int64 &)”的引用
C:\BuildTools\VC\Tools\MSVC\14.44.35207\include\xmemory(1844): note: 查看对正在编译的函数 模板 实例化“void std::_Default_allocator_traits<_Alloc>::construct<_Ty,int64_t&>(_Alloc &,_Objty *const ,int64_t &)”的引用
        with
        [
            _Alloc=std::allocator<int>,
            _Ty=int,
            _Objty=int
        ]
C:\BuildTools\VC\Tools\MSVC\14.44.35207\include\xmemory(730): note: 查看对正在编译的函数 模板 实例化“_Ty *std::construct_at<_Objty,int64_t&>(_Ty *const ,int64_t &) noexcept(<expr>)”的引用
        with
        [
            _Ty=int,
            _Objty=int
        ]
C:\BuildTools\VC\Tools\MSVC\14.44.35207\include\xutility(463): warning C4244: “初始化”: 从“int64_t”转换到“_Objty”，可能丢失数据
        with
        [
            _Objty=int
        ]
C:\BuildTools\VC\Tools\MSVC\14.44.35207\include\xutility(463): note: 模板实例化上下文(最早的实例化上下文)为
C:\BuildTools\VC\Tools\MSVC\14.44.35207\include\xmemory(1844): note: 查看对正在编译的函数 模板 实例化“void std::_Default_allocator_traits<_Alloc>::construct<_Ty,int64_t&>(_Alloc &,_Objty *const ,int64_t &)”的引用
        with
        [
            _Alloc=std::allocator<int>,
            _Ty=int,
            _Objty=int
        ]
C:\BuildTools\VC\Tools\MSVC\14.44.35207\include\xmemory(730): note: 查看对正在编译的函数 模板 实例化“_Ty *std::construct_at<_Objty,int64_t&>(_Ty *const ,int64_t &) noexcept”的引用
        with
        [
            _Ty=int,
            _Objty=int
        ]
[2/4] Building CUDA object CMakeFiles\strata_engine.dir\src\core\remote_expert_opt.cu.obj
C:/Users/Winge/Documents/Playground/Strata-optimization-pr/include\strata/core/expert_source.hpp(453): warning #611-D: overloaded virtual function "strata::core::ExpertSource::prefetch" is only partially overridden in class "strata::core::FileExpertSource"
  class FileExpertSource : public ExpertSource {
        ^

Remark: The warnings can be suppressed with "-diag-suppress <warning-number>"

C:/Users/Winge/Documents/Playground/Strata-optimization-pr/include\strata/core/expert_source.hpp(778): warning #611-D: overloaded virtual function "strata::core::ExpertSource::prefetch" is only partially overridden in class "strata::core::ArenaExpertSource"
  class ArenaExpertSource : public ExpertSource {
        ^

C:/Users/Winge/Documents/Playground/Strata-optimization-pr/include\strata/core/expert_source.hpp(453): warning #611-D: overloaded virtual function "strata::core::ExpertSource::prefetch" is only partially overridden in class "strata::core::FileExpertSource"
  class FileExpertSource : public ExpertSource {
        ^

Remark: The warnings can be suppressed with "-diag-suppress <warning-number>"

C:/Users/Winge/Documents/Playground/Strata-optimization-pr/include\strata/core/expert_source.hpp(778): warning #611-D: overloaded virtual function "strata::core::ExpertSource::prefetch" is only partially overridden in class "strata::core::ArenaExpertSource"
  class ArenaExpertSource : public ExpertSource {
        ^

C:/Users/Winge/Documents/Playground/Strata-optimization-pr/include\strata/core/expert_source.hpp(453): warning #611-D: overloaded virtual function "strata::core::ExpertSource::prefetch" is only partially overridden in class "strata::core::FileExpertSource"
  class FileExpertSource : public ExpertSource {
        ^

Remark: The warnings can be suppressed with "-diag-suppress <warning-number>"

C:/Users/Winge/Documents/Playground/Strata-optimization-pr/include\strata/core/expert_source.hpp(778): warning #611-D: overloaded virtual function "strata::core::ExpertSource::prefetch" is only partially overridden in class "strata::core::ArenaExpertSource"
  class ArenaExpertSource : public ExpertSource {
        ^

remote_expert_opt.cu
tmpxft_000067e8_00000000-10_remote_expert_opt.compute_75.cudafe1.cpp
C:/Users/Winge/Documents/Playground/Strata-optimization-pr/include\strata/kernels/cpu/expert.hpp(74): warning C4324: “strata::kernels::cpu::ActQ”: 由于对齐说明符，结构被填充
C:/Users/Winge/Documents/Playground/Strata-optimization-pr/include\strata/kernels/cpu/pool.hpp(267): warning C4324: “strata::kernels::cpu::ExpertPool”: 由于对齐说明符，结构被填充
C:/Users/Winge/Documents/Playground/Strata-optimization-pr/include\strata/kernels/cpu/pool.hpp(268): warning C4324: “strata::kernels::cpu::ExpertPool”: 由于对齐说明符，结构被填充
C:/Users/Winge/Documents/Playground/Strata-optimization-pr/include\strata/kernels/cpu/pool.hpp(269): warning C4324: “strata::kernels::cpu::ExpertPool”: 由于对齐说明符，结构被填充
C:/Users/Winge/Documents/Playground/Strata-optimization-pr/include\strata/kernels/cpu/pool.hpp(270): warning C4324: “strata::kernels::cpu::ExpertPool”: 由于对齐说明符，结构被填充
C:/Users/Winge/Documents/Playground/Strata-optimization-pr/include\strata/kernels/cpu/pool.hpp(271): warning C4324: “strata::kernels::cpu::ExpertPool”: 由于对齐说明符，结构被填充
C:/Users/Winge/Documents/Playground/Strata-optimization-pr/include\strata/kernels/cpu/pool.hpp(274): warning C4324: “strata::kernels::cpu::ExpertPool”: 由于对齐说明符，结构被填充
[3/4] Linking CXX static library strata_engine.lib
[4/4] Linking CXX executable strata.exe
